août 25 19:38:03 fujitsu kernel: microcode: microcode updated early to revision 0x28, date = 2019-11-12
août 25 19:38:03 fujitsu kernel: Linux version 5.18.0-14parrot1-amd64 (team@parrotsec.org) (gcc-10 (Debian 10.2.1-6) 10.2.1 20210110, GNU ld (GNU Binutils for Parrot) 2.37.90.20220130) #1 SMP PREEMPT_DYNAMIC Debian 5.18.14-1parrot1 (2022-08-07)
août 25 19:38:03 fujitsu kernel: Command line: BOOT_IMAGE=/@/boot/vmlinuz-5.18.0-14parrot1-amd64 root=UUID=1fb5792b-645d-4ac8-adfe-a53fbfe58977 ro rootflags=subvol=@ net.ifnames=0 quiet splash
août 25 19:38:03 fujitsu kernel: x86/fpu: Supporting XSAVE feature 0x001: 'x87 floating point registers'
août 25 19:38:03 fujitsu kernel: x86/fpu: Supporting XSAVE feature 0x002: 'SSE registers'
août 25 19:38:03 fujitsu kernel: x86/fpu: Supporting XSAVE feature 0x004: 'AVX registers'
août 25 19:38:03 fujitsu kernel: x86/fpu: xstate_offset[2]:  576, xstate_sizes[2]:  256
août 25 19:38:03 fujitsu kernel: x86/fpu: Enabled xstate features 0x7, context size is 832 bytes, using 'standard' format.
août 25 19:38:03 fujitsu kernel: signal: max sigframe size: 1776
août 25 19:38:03 fujitsu kernel: BIOS-provided physical RAM map:
août 25 19:38:03 fujitsu kernel: BIOS-e820: [mem 0x0000000000000000-0x0000000000057fff] usable
août 25 19:38:03 fujitsu kernel: BIOS-e820: [mem 0x0000000000058000-0x0000000000058fff] reserved
août 25 19:38:03 fujitsu kernel: BIOS-e820: [mem 0x0000000000059000-0x000000000009efff] usable
août 25 19:38:03 fujitsu kernel: BIOS-e820: [mem 0x000000000009f000-0x000000000009ffff] reserved
août 25 19:38:03 fujitsu kernel: BIOS-e820: [mem 0x0000000000100000-0x00000000ccb9afff] usable
août 25 19:38:03 fujitsu kernel: BIOS-e820: [mem 0x00000000ccb9b000-0x00000000ccba1fff] ACPI NVS
août 25 19:38:03 fujitsu kernel: BIOS-e820: [mem 0x00000000ccba2000-0x00000000cd66cfff] usable
août 25 19:38:03 fujitsu kernel: BIOS-e820: [mem 0x00000000cd66d000-0x00000000cd916fff] reserved
août 25 19:38:03 fujitsu kernel: BIOS-e820: [mem 0x00000000cd917000-0x00000000dd033fff] usable
août 25 19:38:03 fujitsu kernel: BIOS-e820: [mem 0x00000000dd034000-0x00000000de01ffff] reserved
août 25 19:38:03 fujitsu kernel: BIOS-e820: [mem 0x00000000de020000-0x00000000de034fff] ACPI data
août 25 19:38:03 fujitsu kernel: BIOS-e820: [mem 0x00000000de035000-0x00000000de18afff] ACPI NVS
août 25 19:38:03 fujitsu kernel: BIOS-e820: [mem 0x00000000de18b000-0x00000000df759fff] reserved
août 25 19:38:03 fujitsu kernel: BIOS-e820: [mem 0x00000000df75a000-0x00000000df7fefff] type 20
août 25 19:38:03 fujitsu kernel: BIOS-e820: [mem 0x00000000df7ff000-0x00000000df7fffff] usable
août 25 19:38:03 fujitsu kernel: BIOS-e820: [mem 0x00000000f8000000-0x00000000fbffffff] reserved
août 25 19:38:03 fujitsu kernel: BIOS-e820: [mem 0x00000000fec00000-0x00000000fec00fff] reserved
août 25 19:38:03 fujitsu kernel: BIOS-e820: [mem 0x00000000fed00000-0x00000000fed03fff] reserved
août 25 19:38:03 fujitsu kernel: BIOS-e820: [mem 0x00000000fed1c000-0x00000000fed1ffff] reserved
août 25 19:38:03 fujitsu kernel: BIOS-e820: [mem 0x00000000fee00000-0x00000000fee00fff] reserved
août 25 19:38:03 fujitsu kernel: BIOS-e820: [mem 0x00000000ff000000-0x00000000ffffffff] reserved
août 25 19:38:03 fujitsu kernel: BIOS-e820: [mem 0x0000000100000000-0x000000061dffffff] usable
août 25 19:38:03 fujitsu kernel: NX (Execute Disable) protection: active
août 25 19:38:03 fujitsu kernel: efi: EFI v2.31 by American Megatrends
août 25 19:38:03 fujitsu kernel: efi: ACPI=0xde024000 ACPI 2.0=0xde024000 SMBIOS=0xf04c0 
août 25 19:38:03 fujitsu kernel: efi: [Firmware Bug]: Invalid EFI memory map entries:
août 25 19:38:03 fujitsu kernel: efi: mem53: [Reserved    |   |  |  |  |  |  |  |  |  |   |  |  |  |  ] range=[0x0000000000000000-0x0000000000000000] (invalid)
août 25 19:38:03 fujitsu kernel: efi: Removing 1 invalid memory map entries.
août 25 19:38:03 fujitsu kernel: secureboot: Secure boot disabled
août 25 19:38:03 fujitsu kernel: SMBIOS 2.7 present.
août 25 19:38:03 fujitsu kernel: DMI: FUJITSU D3227-A1/D3227-A1, BIOS V4.6.5.4 R1.47.0 for D3227-A1x 08/26/2019
août 25 19:38:03 fujitsu kernel: tsc: Fast TSC calibration using PIT
août 25 19:38:03 fujitsu kernel: tsc: Detected 3491.962 MHz processor
août 25 19:38:03 fujitsu kernel: e820: update [mem 0x00000000-0x00000fff] usable ==> reserved
août 25 19:38:03 fujitsu kernel: e820: remove [mem 0x000a0000-0x000fffff] usable
août 25 19:38:03 fujitsu kernel: last_pfn = 0x61e000 max_arch_pfn = 0x400000000
août 25 19:38:03 fujitsu kernel: x86/PAT: Configuration [0-7]: WB  WC  UC- UC  WB  WP  UC- WT  
août 25 19:38:03 fujitsu kernel: e820: update [mem 0xe0000000-0xffffffff] usable ==> reserved
août 25 19:38:03 fujitsu kernel: last_pfn = 0xdf800 max_arch_pfn = 0x400000000
août 25 19:38:03 fujitsu kernel: found SMP MP-table at [mem 0x000fd6a0-0x000fd6af]
août 25 19:38:03 fujitsu kernel: Using GB pages for direct mapping
août 25 19:38:03 fujitsu kernel: RAMDISK: [mem 0x2bc8f000-0x31e3efff]
août 25 19:38:03 fujitsu kernel: ACPI: Early table checksum verification disabled
août 25 19:38:03 fujitsu kernel: ACPI: RSDP 0x00000000DE024000 000024 (v02 FTS   )
août 25 19:38:03 fujitsu kernel: ACPI: XSDT 0x00000000DE024080 000084 (v01 FTS    D3227-A1 01072009 AMI  00010013)
août 25 19:38:03 fujitsu kernel: ACPI: FACP 0x00000000DE030338 00010C (v05 FTS    D3227-A1 01072009 AMI  00010013)
août 25 19:38:03 fujitsu kernel: ACPI: DSDT 0x00000000DE024198 00C1A0 (v02 FTS    D3227-A1 00000147 INTL 20091112)
août 25 19:38:03 fujitsu kernel: ACPI: FACS 0x00000000DE189080 000040
août 25 19:38:03 fujitsu kernel: ACPI: APIC 0x00000000DE030448 000092 (v03 FTS    D3227-A1 01072009 AMI  00010013)
août 25 19:38:03 fujitsu kernel: ACPI: FPDT 0x00000000DE0304E0 000044 (v01 FTS    D3227-A1 01072009 AMI  00010013)
août 25 19:38:03 fujitsu kernel: ACPI: SSDT 0x00000000DE030528 000539 (v01 PmRef  Cpu0Ist  00003000 INTL 20120711)
août 25 19:38:03 fujitsu kernel: ACPI: SSDT 0x00000000DE030A68 000AD8 (v01 PmRef  CpuPm    00003000 INTL 20120711)
août 25 19:38:03 fujitsu kernel: ACPI: MCFG 0x00000000DE031540 00003C (v01 FTS    D3227-A1 01072009 MSFT 00000097)
août 25 19:38:03 fujitsu kernel: ACPI: HPET 0x00000000DE031580 000038 (v01 FTS    D3227-A1 01072009 AMI. 00000005)
août 25 19:38:03 fujitsu kernel: ACPI: SSDT 0x00000000DE0315B8 00036D (v01 SataRe SataTabl 00001000 INTL 20120711)
août 25 19:38:03 fujitsu kernel: ACPI: SSDT 0x00000000DE031928 003110 (v01 SaSsdt SaSsdt   00003000 INTL 20091112)
août 25 19:38:03 fujitsu kernel: ACPI: ASF! 0x00000000DE034A38 0000A5 (v32 INTEL   HCG     00000001 TFSM 000F4240)
août 25 19:38:03 fujitsu kernel: ACPI: BGRT 0x00000000DE034AE0 000038 (v00 FTS    D3227-A1 01072009 AMI  00010013)
août 25 19:38:03 fujitsu kernel: ACPI: DMAR 0x00000000DE034B18 000080 (v01 INTEL  HSW      00000001 INTL 00000001)
août 25 19:38:03 fujitsu kernel: ACPI: Reserving FACP table memory at [mem 0xde030338-0xde030443]
août 25 19:38:03 fujitsu kernel: ACPI: Reserving DSDT table memory at [mem 0xde024198-0xde030337]
août 25 19:38:03 fujitsu kernel: ACPI: Reserving FACS table memory at [mem 0xde189080-0xde1890bf]
août 25 19:38:03 fujitsu kernel: ACPI: Reserving APIC table memory at [mem 0xde030448-0xde0304d9]
août 25 19:38:03 fujitsu kernel: ACPI: Reserving FPDT table memory at [mem 0xde0304e0-0xde030523]
août 25 19:38:03 fujitsu kernel: ACPI: Reserving SSDT table memory at [mem 0xde030528-0xde030a60]
août 25 19:38:03 fujitsu kernel: ACPI: Reserving SSDT table memory at [mem 0xde030a68-0xde03153f]
août 25 19:38:03 fujitsu kernel: ACPI: Reserving MCFG table memory at [mem 0xde031540-0xde03157b]
août 25 19:38:03 fujitsu kernel: ACPI: Reserving HPET table memory at [mem 0xde031580-0xde0315b7]
août 25 19:38:03 fujitsu kernel: ACPI: Reserving SSDT table memory at [mem 0xde0315b8-0xde031924]
août 25 19:38:03 fujitsu kernel: ACPI: Reserving SSDT table memory at [mem 0xde031928-0xde034a37]
août 25 19:38:03 fujitsu kernel: ACPI: Reserving ASF! table memory at [mem 0xde034a38-0xde034adc]
août 25 19:38:03 fujitsu kernel: ACPI: Reserving BGRT table memory at [mem 0xde034ae0-0xde034b17]
août 25 19:38:03 fujitsu kernel: ACPI: Reserving DMAR table memory at [mem 0xde034b18-0xde034b97]
août 25 19:38:03 fujitsu kernel: No NUMA configuration found
août 25 19:38:03 fujitsu kernel: Faking a node at [mem 0x0000000000000000-0x000000061dffffff]
août 25 19:38:03 fujitsu kernel: NODE_DATA(0) allocated [mem 0x61dfd5000-0x61dffffff]
août 25 19:38:03 fujitsu kernel: Zone ranges:
août 25 19:38:03 fujitsu kernel:   DMA      [mem 0x0000000000001000-0x0000000000ffffff]
août 25 19:38:03 fujitsu kernel:   DMA32    [mem 0x0000000001000000-0x00000000ffffffff]
août 25 19:38:03 fujitsu kernel:   Normal   [mem 0x0000000100000000-0x000000061dffffff]
août 25 19:38:03 fujitsu kernel:   Device   empty
août 25 19:38:03 fujitsu kernel: Movable zone start for each node
août 25 19:38:03 fujitsu kernel: Early memory node ranges
août 25 19:38:03 fujitsu kernel:   node   0: [mem 0x0000000000001000-0x0000000000057fff]
août 25 19:38:03 fujitsu kernel:   node   0: [mem 0x0000000000059000-0x000000000009efff]
août 25 19:38:03 fujitsu kernel:   node   0: [mem 0x0000000000100000-0x00000000ccb9afff]
août 25 19:38:03 fujitsu kernel:   node   0: [mem 0x00000000ccba2000-0x00000000cd66cfff]
août 25 19:38:03 fujitsu kernel:   node   0: [mem 0x00000000cd917000-0x00000000dd033fff]
août 25 19:38:03 fujitsu kernel:   node   0: [mem 0x00000000df7ff000-0x00000000df7fffff]
août 25 19:38:03 fujitsu kernel:   node   0: [mem 0x0000000100000000-0x000000061dffffff]
août 25 19:38:03 fujitsu kernel: Initmem setup node 0 [mem 0x0000000000001000-0x000000061dffffff]
août 25 19:38:03 fujitsu kernel: On node 0, zone DMA: 1 pages in unavailable ranges
août 25 19:38:03 fujitsu kernel: On node 0, zone DMA: 1 pages in unavailable ranges
août 25 19:38:03 fujitsu kernel: On node 0, zone DMA: 97 pages in unavailable ranges
août 25 19:38:03 fujitsu kernel: On node 0, zone DMA32: 7 pages in unavailable ranges
août 25 19:38:03 fujitsu kernel: On node 0, zone DMA32: 682 pages in unavailable ranges
août 25 19:38:03 fujitsu kernel: On node 0, zone DMA32: 10187 pages in unavailable ranges
août 25 19:38:03 fujitsu kernel: On node 0, zone Normal: 2048 pages in unavailable ranges
août 25 19:38:03 fujitsu kernel: On node 0, zone Normal: 8192 pages in unavailable ranges
août 25 19:38:03 fujitsu kernel: ACPI: PM-Timer IO Port: 0x1808
août 25 19:38:03 fujitsu kernel: ACPI: LAPIC_NMI (acpi_id[0xff] high edge lint[0x1])
août 25 19:38:03 fujitsu kernel: IOAPIC[0]: apic_id 8, version 32, address 0xfec00000, GSI 0-23
août 25 19:38:03 fujitsu kernel: ACPI: INT_SRC_OVR (bus 0 bus_irq 0 global_irq 2 dfl dfl)
août 25 19:38:03 fujitsu kernel: ACPI: INT_SRC_OVR (bus 0 bus_irq 9 global_irq 9 high level)
août 25 19:38:03 fujitsu kernel: ACPI: Using ACPI (MADT) for SMP configuration information
août 25 19:38:03 fujitsu kernel: ACPI: HPET id: 0x8086a701 base: 0xfed00000
août 25 19:38:03 fujitsu kernel: e820: update [mem 0xd0525000-0xd0560fff] usable ==> reserved
août 25 19:38:03 fujitsu kernel: TSC deadline timer available
août 25 19:38:03 fujitsu kernel: smpboot: Allowing 8 CPUs, 0 hotplug CPUs
août 25 19:38:03 fujitsu kernel: PM: hibernation: Registered nosave memory: [mem 0x00000000-0x00000fff]
août 25 19:38:03 fujitsu kernel: PM: hibernation: Registered nosave memory: [mem 0x00058000-0x00058fff]
août 25 19:38:03 fujitsu kernel: PM: hibernation: Registered nosave memory: [mem 0x0009f000-0x0009ffff]
août 25 19:38:03 fujitsu kernel: PM: hibernation: Registered nosave memory: [mem 0x000a0000-0x000fffff]
août 25 19:38:03 fujitsu kernel: PM: hibernation: Registered nosave memory: [mem 0xccb9b000-0xccba1fff]
août 25 19:38:03 fujitsu kernel: PM: hibernation: Registered nosave memory: [mem 0xcd66d000-0xcd916fff]
août 25 19:38:03 fujitsu kernel: PM: hibernation: Registered nosave memory: [mem 0xd0525000-0xd0560fff]
août 25 19:38:03 fujitsu kernel: PM: hibernation: Registered nosave memory: [mem 0xdd034000-0xde01ffff]
août 25 19:38:03 fujitsu kernel: PM: hibernation: Registered nosave memory: [mem 0xde020000-0xde034fff]
août 25 19:38:03 fujitsu kernel: PM: hibernation: Registered nosave memory: [mem 0xde035000-0xde18afff]
août 25 19:38:03 fujitsu kernel: PM: hibernation: Registered nosave memory: [mem 0xde18b000-0xdf759fff]
août 25 19:38:03 fujitsu kernel: PM: hibernation: Registered nosave memory: [mem 0xdf75a000-0xdf7fefff]
août 25 19:38:03 fujitsu kernel: PM: hibernation: Registered nosave memory: [mem 0xdf800000-0xf7ffffff]
août 25 19:38:03 fujitsu kernel: PM: hibernation: Registered nosave memory: [mem 0xf8000000-0xfbffffff]
août 25 19:38:03 fujitsu kernel: PM: hibernation: Registered nosave memory: [mem 0xfc000000-0xfebfffff]
août 25 19:38:03 fujitsu kernel: PM: hibernation: Registered nosave memory: [mem 0xfec00000-0xfec00fff]
août 25 19:38:03 fujitsu kernel: PM: hibernation: Registered nosave memory: [mem 0xfec01000-0xfecfffff]
août 25 19:38:03 fujitsu kernel: PM: hibernation: Registered nosave memory: [mem 0xfed00000-0xfed03fff]
août 25 19:38:03 fujitsu kernel: PM: hibernation: Registered nosave memory: [mem 0xfed04000-0xfed1bfff]
août 25 19:38:03 fujitsu kernel: PM: hibernation: Registered nosave memory: [mem 0xfed1c000-0xfed1ffff]
août 25 19:38:03 fujitsu kernel: PM: hibernation: Registered nosave memory: [mem 0xfed20000-0xfedfffff]
août 25 19:38:03 fujitsu kernel: PM: hibernation: Registered nosave memory: [mem 0xfee00000-0xfee00fff]
août 25 19:38:03 fujitsu kernel: PM: hibernation: Registered nosave memory: [mem 0xfee01000-0xfeffffff]
août 25 19:38:03 fujitsu kernel: PM: hibernation: Registered nosave memory: [mem 0xff000000-0xffffffff]
août 25 19:38:03 fujitsu kernel: [mem 0xdf800000-0xf7ffffff] available for PCI devices
août 25 19:38:03 fujitsu kernel: Booting paravirtualized kernel on bare hardware
août 25 19:38:03 fujitsu kernel: clocksource: refined-jiffies: mask: 0xffffffff max_cycles: 0xffffffff, max_idle_ns: 6370452778343963 ns
août 25 19:38:03 fujitsu kernel: setup_percpu: NR_CPUS:8192 nr_cpumask_bits:8 nr_cpu_ids:8 nr_node_ids:1
août 25 19:38:03 fujitsu kernel: percpu: Embedded 61 pages/cpu s212992 r8192 d28672 u262144
août 25 19:38:03 fujitsu kernel: pcpu-alloc: s212992 r8192 d28672 u262144 alloc=1*2097152
août 25 19:38:03 fujitsu kernel: pcpu-alloc: [0] 0 1 2 3 4 5 6 7 
août 25 19:38:03 fujitsu kernel: Fallback order for Node 0: 0 
août 25 19:38:03 fujitsu kernel: Built 1 zonelists, mobility grouping on.  Total pages: 6172109
août 25 19:38:03 fujitsu kernel: Policy zone: Normal
août 25 19:38:03 fujitsu kernel: Kernel command line: BOOT_IMAGE=/@/boot/vmlinuz-5.18.0-14parrot1-amd64 root=UUID=1fb5792b-645d-4ac8-adfe-a53fbfe58977 ro rootflags=subvol=@ net.ifnames=0 quiet splash
août 25 19:38:03 fujitsu kernel: Unknown kernel command line parameters "splash BOOT_IMAGE=/@/boot/vmlinuz-5.18.0-14parrot1-amd64", will be passed to user space.
août 25 19:38:03 fujitsu kernel: Dentry cache hash table entries: 4194304 (order: 13, 33554432 bytes, linear)
août 25 19:38:03 fujitsu kernel: Inode-cache hash table entries: 2097152 (order: 12, 16777216 bytes, linear)
août 25 19:38:03 fujitsu kernel: mem auto-init: stack:off, heap alloc:on, heap free:off
août 25 19:38:03 fujitsu kernel: Memory: 3362112K/25080964K available (12294K kernel code, 2773K rwdata, 8572K rodata, 2708K init, 4924K bss, 870932K reserved, 0K cma-reserved)
août 25 19:38:03 fujitsu kernel: SLUB: HWalign=64, Order=0-3, MinObjects=0, CPUs=8, Nodes=1
août 25 19:38:03 fujitsu kernel: Kernel/User page tables isolation: enabled
août 25 19:38:03 fujitsu kernel: ftrace: allocating 38708 entries in 152 pages
août 25 19:38:03 fujitsu kernel: ftrace: allocated 152 pages with 3 groups
août 25 19:38:03 fujitsu kernel: Dynamic Preempt: voluntary
août 25 19:38:03 fujitsu kernel: rcu: Preemptible hierarchical RCU implementation.
août 25 19:38:03 fujitsu kernel: rcu:         RCU restricting CPUs from NR_CPUS=8192 to nr_cpu_ids=8.
août 25 19:38:03 fujitsu kernel:         Trampoline variant of Tasks RCU enabled.
août 25 19:38:03 fujitsu kernel:         Rude variant of Tasks RCU enabled.
août 25 19:38:03 fujitsu kernel:         Tracing variant of Tasks RCU enabled.
août 25 19:38:03 fujitsu kernel: rcu: RCU calculated value of scheduler-enlistment delay is 30 jiffies.
août 25 19:38:03 fujitsu kernel: rcu: Adjusting geometry for rcu_fanout_leaf=16, nr_cpu_ids=8
août 25 19:38:03 fujitsu kernel: NR_IRQS: 524544, nr_irqs: 488, preallocated irqs: 16
août 25 19:38:03 fujitsu kernel: random: crng init done
août 25 19:38:03 fujitsu kernel: Console: colour dummy device 80x25
août 25 19:38:03 fujitsu kernel: printk: console [tty0] enabled
août 25 19:38:03 fujitsu kernel: ACPI: Core revision 20211217
août 25 19:38:03 fujitsu kernel: clocksource: hpet: mask: 0xffffffff max_cycles: 0xffffffff, max_idle_ns: 133484882848 ns
août 25 19:38:03 fujitsu kernel: APIC: Switch to symmetric I/O mode setup
août 25 19:38:03 fujitsu kernel: DMAR: Host address width 39
août 25 19:38:03 fujitsu kernel: DMAR: DRHD base: 0x000000fed90000 flags: 0x1
août 25 19:38:03 fujitsu kernel: DMAR: dmar0: reg_base_addr fed90000 ver 1:0 cap d2008c20660462 ecap f010da
août 25 19:38:03 fujitsu kernel: DMAR: RMRR base: 0x000000df65c000 end: 0x000000df66bfff
août 25 19:38:03 fujitsu kernel: DMAR-IR: IOAPIC id 8 under DRHD base  0xfed90000 IOMMU 0
août 25 19:38:03 fujitsu kernel: DMAR-IR: HPET id 0 under DRHD base 0xfed90000
août 25 19:38:03 fujitsu kernel: DMAR-IR: Queued invalidation will be enabled to support x2apic and Intr-remapping.
août 25 19:38:03 fujitsu kernel: DMAR-IR: Enabled IRQ remapping in x2apic mode
août 25 19:38:03 fujitsu kernel: x2apic enabled
août 25 19:38:03 fujitsu kernel: Switched APIC routing to cluster x2apic.
août 25 19:38:03 fujitsu kernel: ..TIMER: vector=0x30 apic1=0 pin1=2 apic2=-1 pin2=-1
août 25 19:38:03 fujitsu kernel: clocksource: tsc-early: mask: 0xffffffffffffffff max_cycles: 0x3255a810a9c, max_idle_ns: 440795320999 ns
août 25 19:38:03 fujitsu kernel: Calibrating delay loop (skipped), value calculated using timer frequency.. 6986.92 BogoMIPS (lpj=11639873)
août 25 19:38:03 fujitsu kernel: pid_max: default: 32768 minimum: 301
août 25 19:38:03 fujitsu kernel: LSM: Security Framework initializing
août 25 19:38:03 fujitsu kernel: Yama: disabled by default; enable with sysctl kernel.yama.*
août 25 19:38:03 fujitsu kernel: AppArmor: AppArmor initialized
août 25 19:38:03 fujitsu kernel: TOMOYO Linux initialized
août 25 19:38:03 fujitsu kernel: Mount-cache hash table entries: 65536 (order: 7, 524288 bytes, linear)
août 25 19:38:03 fujitsu kernel: Mountpoint-cache hash table entries: 65536 (order: 7, 524288 bytes, linear)
août 25 19:38:03 fujitsu kernel: CPU0: Thermal monitoring enabled (TM1)
août 25 19:38:03 fujitsu kernel: process: using mwait in idle threads
août 25 19:38:03 fujitsu kernel: Last level iTLB entries: 4KB 1024, 2MB 1024, 4MB 1024
août 25 19:38:03 fujitsu kernel: Last level dTLB entries: 4KB 1024, 2MB 1024, 4MB 1024, 1GB 4
août 25 19:38:03 fujitsu kernel: Spectre V1 : Mitigation: usercopy/swapgs barriers and __user pointer sanitization
août 25 19:38:03 fujitsu kernel: Spectre V2 : Mitigation: Retpolines
août 25 19:38:03 fujitsu kernel: Spectre V2 : Spectre v2 / SpectreRSB mitigation: Filling RSB on context switch
août 25 19:38:03 fujitsu kernel: Spectre V2 : Enabling Restricted Speculation for firmware calls
août 25 19:38:03 fujitsu kernel: Spectre V2 : mitigation: Enabling conditional Indirect Branch Prediction Barrier
août 25 19:38:03 fujitsu kernel: Spectre V2 : User space: Mitigation: STIBP via prctl
août 25 19:38:03 fujitsu kernel: Speculative Store Bypass: Mitigation: Speculative Store Bypass disabled via prctl
août 25 19:38:03 fujitsu kernel: MDS: Mitigation: Clear CPU buffers
août 25 19:38:03 fujitsu kernel: SRBDS: Mitigation: Microcode
août 25 19:38:03 fujitsu kernel: Freeing SMP alternatives memory: 32K
août 25 19:38:03 fujitsu kernel: smpboot: Estimated ratio of average max frequency by base frequency (times 1024): 1082
août 25 19:38:03 fujitsu kernel: smpboot: CPU0: Intel(R) Xeon(R) CPU E3-1241 v3 @ 3.50GHz (family: 0x6, model: 0x3c, stepping: 0x3)
août 25 19:38:03 fujitsu kernel: cblist_init_generic: Setting adjustable number of callback queues.
août 25 19:38:03 fujitsu kernel: cblist_init_generic: Setting shift to 3 and lim to 1.
août 25 19:38:03 fujitsu kernel: cblist_init_generic: Setting shift to 3 and lim to 1.
août 25 19:38:03 fujitsu kernel: cblist_init_generic: Setting shift to 3 and lim to 1.
août 25 19:38:03 fujitsu kernel: Performance Events: PEBS fmt2+, Haswell events, 16-deep LBR, full-width counters, Intel PMU driver.
août 25 19:38:03 fujitsu kernel: ... version:                3
août 25 19:38:03 fujitsu kernel: ... bit width:              48
août 25 19:38:03 fujitsu kernel: ... generic registers:      4
août 25 19:38:03 fujitsu kernel: ... value mask:             0000ffffffffffff
août 25 19:38:03 fujitsu kernel: ... max period:             00007fffffffffff
août 25 19:38:03 fujitsu kernel: ... fixed-purpose events:   3
août 25 19:38:03 fujitsu kernel: ... event mask:             000000070000000f
août 25 19:38:03 fujitsu kernel: rcu: Hierarchical SRCU implementation.
août 25 19:38:03 fujitsu kernel: NMI watchdog: Enabled. Permanently consumes one hw-PMU counter.
août 25 19:38:03 fujitsu kernel: smp: Bringing up secondary CPUs ...
août 25 19:38:03 fujitsu kernel: x86: Booting SMP configuration:
août 25 19:38:03 fujitsu kernel: .... node  #0, CPUs:      #1 #2 #3 #4
août 25 19:38:03 fujitsu kernel: MDS CPU bug present and SMT on, data leak possible. See https://www.kernel.org/doc/html/latest/admin-guide/hw-vuln/mds.html for more details.
août 25 19:38:03 fujitsu kernel:  #5 #6 #7
août 25 19:38:03 fujitsu kernel: smp: Brought up 1 node, 8 CPUs
août 25 19:38:03 fujitsu kernel: smpboot: Max logical packages: 1
août 25 19:38:03 fujitsu kernel: smpboot: Total of 8 processors activated (55893.36 BogoMIPS)
août 25 19:38:03 fujitsu kernel: node 0 deferred pages initialised in 30ms
août 25 19:38:03 fujitsu kernel: devtmpfs: initialized
août 25 19:38:03 fujitsu kernel: x86/mm: Memory block size: 128MB
août 25 19:38:03 fujitsu kernel: ACPI: PM: Registering ACPI NVS region [mem 0xccb9b000-0xccba1fff] (28672 bytes)
août 25 19:38:03 fujitsu kernel: ACPI: PM: Registering ACPI NVS region [mem 0xde035000-0xde18afff] (1400832 bytes)
août 25 19:38:03 fujitsu kernel: clocksource: jiffies: mask: 0xffffffff max_cycles: 0xffffffff, max_idle_ns: 6370867519511994 ns
août 25 19:38:03 fujitsu kernel: futex hash table entries: 2048 (order: 5, 131072 bytes, linear)
août 25 19:38:03 fujitsu kernel: pinctrl core: initialized pinctrl subsystem
août 25 19:38:03 fujitsu kernel: NET: Registered PF_NETLINK/PF_ROUTE protocol family
août 25 19:38:03 fujitsu kernel: DMA: preallocated 4096 KiB GFP_KERNEL pool for atomic allocations
août 25 19:38:03 fujitsu kernel: DMA: preallocated 4096 KiB GFP_KERNEL|GFP_DMA pool for atomic allocations
août 25 19:38:03 fujitsu kernel: DMA: preallocated 4096 KiB GFP_KERNEL|GFP_DMA32 pool for atomic allocations
août 25 19:38:03 fujitsu kernel: audit: initializing netlink subsys (disabled)
août 25 19:38:03 fujitsu kernel: audit: type=2000 audit(1661449079.076:1): state=initialized audit_enabled=0 res=1
août 25 19:38:03 fujitsu kernel: thermal_sys: Registered thermal governor 'fair_share'
août 25 19:38:03 fujitsu kernel: thermal_sys: Registered thermal governor 'bang_bang'
août 25 19:38:03 fujitsu kernel: thermal_sys: Registered thermal governor 'step_wise'
août 25 19:38:03 fujitsu kernel: thermal_sys: Registered thermal governor 'user_space'
août 25 19:38:03 fujitsu kernel: thermal_sys: Registered thermal governor 'power_allocator'
août 25 19:38:03 fujitsu kernel: cpuidle: using governor ladder
août 25 19:38:03 fujitsu kernel: cpuidle: using governor menu
août 25 19:38:03 fujitsu kernel: acpiphp: ACPI Hot Plug PCI Controller Driver version: 0.5
août 25 19:38:03 fujitsu kernel: PCI: MMCONFIG for domain 0000 [bus 00-3f] at [mem 0xf8000000-0xfbffffff] (base 0xf8000000)
août 25 19:38:03 fujitsu kernel: PCI: MMCONFIG at [mem 0xf8000000-0xfbffffff] reserved in E820
août 25 19:38:03 fujitsu kernel: pmd_set_huge: Cannot satisfy [mem 0xf8000000-0xf8200000] with a huge-page mapping due to MTRR override.
août 25 19:38:03 fujitsu kernel: PCI: Using configuration type 1 for base access
août 25 19:38:03 fujitsu kernel: core: PMU erratum BJ122, BV98, HSD29 worked around, HT is on
août 25 19:38:03 fujitsu kernel: ENERGY_PERF_BIAS: Set to 'normal', was 'performance'
août 25 19:38:03 fujitsu kernel: kprobes: kprobe jump-optimization is enabled. All kprobes are optimized if possible.
août 25 19:38:03 fujitsu kernel: HugeTLB registered 1.00 GiB page size, pre-allocated 0 pages
août 25 19:38:03 fujitsu kernel: HugeTLB registered 2.00 MiB page size, pre-allocated 0 pages
août 25 19:38:03 fujitsu kernel: ACPI: Added _OSI(Module Device)
août 25 19:38:03 fujitsu kernel: ACPI: Added _OSI(Processor Device)
août 25 19:38:03 fujitsu kernel: ACPI: Added _OSI(3.0 _SCP Extensions)
août 25 19:38:03 fujitsu kernel: ACPI: Added _OSI(Processor Aggregator Device)
août 25 19:38:03 fujitsu kernel: ACPI: Added _OSI(Linux-Dell-Video)
août 25 19:38:03 fujitsu kernel: ACPI: Added _OSI(Linux-Lenovo-NV-HDMI-Audio)
août 25 19:38:03 fujitsu kernel: ACPI: Added _OSI(Linux-HPI-Hybrid-Graphics)
août 25 19:38:03 fujitsu kernel: ACPI: 5 ACPI AML tables successfully acquired and loaded
août 25 19:38:03 fujitsu kernel: ACPI: [Firmware Bug]: BIOS _OSI(Linux) query ignored
août 25 19:38:03 fujitsu kernel: ACPI: Dynamic OEM Table Load:
août 25 19:38:03 fujitsu kernel: ACPI: SSDT 0xFFFF923E20131800 0003D3 (v01 PmRef  Cpu0Cst  00003001 INTL 20120711)
août 25 19:38:03 fujitsu kernel: ACPI: Dynamic OEM Table Load:
août 25 19:38:03 fujitsu kernel: ACPI: SSDT 0xFFFF923E20139000 0005AA (v01 PmRef  ApIst    00003000 INTL 20120711)
août 25 19:38:03 fujitsu kernel: ACPI: Dynamic OEM Table Load:
août 25 19:38:03 fujitsu kernel: ACPI: SSDT 0xFFFF923E2017FA00 000119 (v01 PmRef  ApCst    00003000 INTL 20120711)
août 25 19:38:03 fujitsu kernel: ACPI: Interpreter enabled
août 25 19:38:03 fujitsu kernel: ACPI: PM: (supports S0 S3 S4 S5)
août 25 19:38:03 fujitsu kernel: ACPI: Using IOAPIC for interrupt routing
août 25 19:38:03 fujitsu kernel: PCI: Using host bridge windows from ACPI; if necessary, use "pci=nocrs" and report a bug
août 25 19:38:03 fujitsu kernel: ACPI: Enabled 6 GPEs in block 00 to 3F
août 25 19:38:03 fujitsu kernel: ACPI: PM: Power Resource [FN00]
août 25 19:38:03 fujitsu kernel: ACPI: PM: Power Resource [FN01]
août 25 19:38:03 fujitsu kernel: ACPI: PM: Power Resource [FN02]
août 25 19:38:03 fujitsu kernel: ACPI: PM: Power Resource [FN03]
août 25 19:38:03 fujitsu kernel: ACPI: PM: Power Resource [FN04]
août 25 19:38:03 fujitsu kernel: ACPI: PCI Root Bridge [PCI0] (domain 0000 [bus 00-3e])
août 25 19:38:03 fujitsu kernel: acpi PNP0A08:00: _OSC: OS supports [ExtendedConfig ASPM ClockPM Segments MSI HPX-Type3]
août 25 19:38:03 fujitsu kernel: acpi PNP0A08:00: _OSC: OS now controls [PCIeHotplug SHPCHotplug PME AER PCIeCapability LTR]
août 25 19:38:03 fujitsu kernel: PCI host bridge to bus 0000:00
août 25 19:38:03 fujitsu kernel: pci_bus 0000:00: root bus resource [io  0x0000-0x0cf7 window]
août 25 19:38:03 fujitsu kernel: pci_bus 0000:00: root bus resource [io  0x0d00-0xffff window]
août 25 19:38:03 fujitsu kernel: pci_bus 0000:00: root bus resource [mem 0x000a0000-0x000bffff window]
août 25 19:38:03 fujitsu kernel: pci_bus 0000:00: root bus resource [mem 0xe0000000-0xfeafffff window]
août 25 19:38:03 fujitsu kernel: pci_bus 0000:00: root bus resource [bus 00-3e]
août 25 19:38:03 fujitsu kernel: pci 0000:00:00.0: [8086:0c08] type 00 class 0x060000
août 25 19:38:03 fujitsu kernel: pci 0000:00:01.0: [8086:0c01] type 01 class 0x060400
août 25 19:38:03 fujitsu kernel: pci 0000:00:01.0: PME# supported from D0 D3hot D3cold
août 25 19:38:03 fujitsu kernel: pci 0000:00:14.0: [8086:8c31] type 00 class 0x0c0330
août 25 19:38:03 fujitsu kernel: pci 0000:00:14.0: reg 0x10: [mem 0xf7120000-0xf712ffff 64bit]
août 25 19:38:03 fujitsu kernel: pci 0000:00:14.0: PME# supported from D3hot D3cold
août 25 19:38:03 fujitsu kernel: pci 0000:00:16.0: [8086:8c3a] type 00 class 0x078000
août 25 19:38:03 fujitsu kernel: pci 0000:00:16.0: reg 0x10: [mem 0xf713c000-0xf713c00f 64bit]
août 25 19:38:03 fujitsu kernel: pci 0000:00:16.0: PME# supported from D0 D3hot D3cold
août 25 19:38:03 fujitsu kernel: pci 0000:00:19.0: [8086:153a] type 00 class 0x020000
août 25 19:38:03 fujitsu kernel: pci 0000:00:19.0: reg 0x10: [mem 0xf7100000-0xf711ffff]
août 25 19:38:03 fujitsu kernel: pci 0000:00:19.0: reg 0x14: [mem 0xf7139000-0xf7139fff]
août 25 19:38:03 fujitsu kernel: pci 0000:00:19.0: reg 0x18: [io  0xf040-0xf05f]
août 25 19:38:03 fujitsu kernel: pci 0000:00:19.0: PME# supported from D0 D3hot D3cold
août 25 19:38:03 fujitsu kernel: pci 0000:00:1a.0: [8086:8c2d] type 00 class 0x0c0320
août 25 19:38:03 fujitsu kernel: pci 0000:00:1a.0: reg 0x10: [mem 0xf7138000-0xf71383ff]
août 25 19:38:03 fujitsu kernel: pci 0000:00:1a.0: PME# supported from D0 D3hot D3cold
août 25 19:38:03 fujitsu kernel: pci 0000:00:1b.0: [8086:8c20] type 00 class 0x040300
août 25 19:38:03 fujitsu kernel: pci 0000:00:1b.0: reg 0x10: [mem 0xf7130000-0xf7133fff 64bit]
août 25 19:38:03 fujitsu kernel: pci 0000:00:1b.0: PME# supported from D0 D3hot D3cold
août 25 19:38:03 fujitsu kernel: pci 0000:00:1d.0: [8086:8c26] type 00 class 0x0c0320
août 25 19:38:03 fujitsu kernel: pci 0000:00:1d.0: reg 0x10: [mem 0xf7137000-0xf71373ff]
août 25 19:38:03 fujitsu kernel: pci 0000:00:1d.0: PME# supported from D0 D3hot D3cold
août 25 19:38:03 fujitsu kernel: pci 0000:00:1f.0: [8086:8c56] type 00 class 0x060100
août 25 19:38:03 fujitsu kernel: pci 0000:00:1f.2: [8086:8c02] type 00 class 0x010601
août 25 19:38:03 fujitsu kernel: pci 0000:00:1f.2: reg 0x10: [io  0xf090-0xf097]
août 25 19:38:03 fujitsu kernel: pci 0000:00:1f.2: reg 0x14: [io  0xf080-0xf083]
août 25 19:38:03 fujitsu kernel: pci 0000:00:1f.2: reg 0x18: [io  0xf070-0xf077]
août 25 19:38:03 fujitsu kernel: pci 0000:00:1f.2: reg 0x1c: [io  0xf060-0xf063]
août 25 19:38:03 fujitsu kernel: pci 0000:00:1f.2: reg 0x20: [io  0xf020-0xf03f]
août 25 19:38:03 fujitsu kernel: pci 0000:00:1f.2: reg 0x24: [mem 0xf7136000-0xf71367ff]
août 25 19:38:03 fujitsu kernel: pci 0000:00:1f.2: PME# supported from D3hot
août 25 19:38:03 fujitsu kernel: pci 0000:00:1f.3: [8086:8c22] type 00 class 0x0c0500
août 25 19:38:03 fujitsu kernel: pci 0000:00:1f.3: reg 0x10: [mem 0xf7135000-0xf71350ff 64bit]
août 25 19:38:03 fujitsu kernel: pci 0000:00:1f.3: reg 0x20: [io  0xf000-0xf01f]
août 25 19:38:03 fujitsu kernel: pci 0000:00:1f.6: [8086:8c24] type 00 class 0x118000
août 25 19:38:03 fujitsu kernel: pci 0000:00:1f.6: reg 0x10: [mem 0xf7134000-0xf7134fff 64bit]
août 25 19:38:03 fujitsu kernel: pci 0000:01:00.0: [10de:13ba] type 00 class 0x030000
août 25 19:38:03 fujitsu kernel: pci 0000:01:00.0: reg 0x10: [mem 0xf6000000-0xf6ffffff]
août 25 19:38:03 fujitsu kernel: pci 0000:01:00.0: reg 0x14: [mem 0xe0000000-0xefffffff 64bit pref]
août 25 19:38:03 fujitsu kernel: pci 0000:01:00.0: reg 0x1c: [mem 0xf0000000-0xf1ffffff 64bit pref]
août 25 19:38:03 fujitsu kernel: pci 0000:01:00.0: reg 0x24: [io  0xe000-0xe07f]
août 25 19:38:03 fujitsu kernel: pci 0000:01:00.0: reg 0x30: [mem 0xf7000000-0xf707ffff pref]
août 25 19:38:03 fujitsu kernel: pci 0000:01:00.0: BAR 1: assigned to efifb
août 25 19:38:03 fujitsu kernel: pci 0000:01:00.0: Video device with shadowed ROM at [mem 0x000c0000-0x000dffff]
août 25 19:38:03 fujitsu kernel: pci 0000:01:00.0: 32.000 Gb/s available PCIe bandwidth, limited by 2.5 GT/s PCIe x16 link at 0000:00:01.0 (capable of 126.016 Gb/s with 8.0 GT/s PCIe x16 link)
août 25 19:38:03 fujitsu kernel: pci 0000:01:00.1: [10de:0fbc] type 00 class 0x040300
août 25 19:38:03 fujitsu kernel: pci 0000:01:00.1: reg 0x10: [mem 0xf7080000-0xf7083fff]
août 25 19:38:03 fujitsu kernel: pci 0000:00:01.0: PCI bridge to [bus 01]
août 25 19:38:03 fujitsu kernel: pci 0000:00:01.0:   bridge window [io  0xe000-0xefff]
août 25 19:38:03 fujitsu kernel: pci 0000:00:01.0:   bridge window [mem 0xf6000000-0xf70fffff]
août 25 19:38:03 fujitsu kernel: pci 0000:00:01.0:   bridge window [mem 0xe0000000-0xf1ffffff 64bit pref]
août 25 19:38:03 fujitsu kernel: ACPI: PCI: Interrupt link LNKA configured for IRQ 11
août 25 19:38:03 fujitsu kernel: ACPI: PCI: Interrupt link LNKB configured for IRQ 10
août 25 19:38:03 fujitsu kernel: ACPI: PCI: Interrupt link LNKC configured for IRQ 11
août 25 19:38:03 fujitsu kernel: ACPI: PCI: Interrupt link LNKD configured for IRQ 3
août 25 19:38:03 fujitsu kernel: ACPI: PCI: Interrupt link LNKE configured for IRQ 11
août 25 19:38:03 fujitsu kernel: ACPI: PCI: Interrupt link LNKF configured for IRQ 0
août 25 19:38:03 fujitsu kernel: ACPI: PCI: Interrupt link LNKF disabled
août 25 19:38:03 fujitsu kernel: ACPI: PCI: Interrupt link LNKG configured for IRQ 10
août 25 19:38:03 fujitsu kernel: ACPI: PCI: Interrupt link LNKH configured for IRQ 3
août 25 19:38:03 fujitsu kernel: iommu: Default domain type: Translated 
août 25 19:38:03 fujitsu kernel: iommu: DMA domain TLB invalidation policy: lazy mode 
août 25 19:38:03 fujitsu kernel: EDAC MC: Ver: 3.0.0
août 25 19:38:03 fujitsu kernel: Registered efivars operations
août 25 19:38:03 fujitsu kernel: NetLabel: Initializing
août 25 19:38:03 fujitsu kernel: NetLabel:  domain hash size = 128
août 25 19:38:03 fujitsu kernel: NetLabel:  protocols = UNLABELED CIPSOv4 CALIPSO
août 25 19:38:03 fujitsu kernel: NetLabel:  unlabeled traffic allowed by default
août 25 19:38:03 fujitsu kernel: PCI: Using ACPI for IRQ routing
août 25 19:38:03 fujitsu kernel: PCI: pci_cache_line_size set to 64 bytes
août 25 19:38:03 fujitsu kernel: e820: reserve RAM buffer [mem 0x00058000-0x0005ffff]
août 25 19:38:03 fujitsu kernel: e820: reserve RAM buffer [mem 0x0009f000-0x0009ffff]
août 25 19:38:03 fujitsu kernel: e820: reserve RAM buffer [mem 0xccb9b000-0xcfffffff]
août 25 19:38:03 fujitsu kernel: e820: reserve RAM buffer [mem 0xcd66d000-0xcfffffff]
août 25 19:38:03 fujitsu kernel: e820: reserve RAM buffer [mem 0xd0525000-0xd3ffffff]
août 25 19:38:03 fujitsu kernel: e820: reserve RAM buffer [mem 0xdd034000-0xdfffffff]
août 25 19:38:03 fujitsu kernel: e820: reserve RAM buffer [mem 0xdf800000-0xdfffffff]
août 25 19:38:03 fujitsu kernel: e820: reserve RAM buffer [mem 0x61e000000-0x61fffffff]
août 25 19:38:03 fujitsu kernel: pci 0000:01:00.0: vgaarb: setting as boot VGA device
août 25 19:38:03 fujitsu kernel: pci 0000:01:00.0: vgaarb: bridge control possible
août 25 19:38:03 fujitsu kernel: pci 0000:01:00.0: vgaarb: VGA device added: decodes=io+mem,owns=io+mem,locks=none
août 25 19:38:03 fujitsu kernel: vgaarb: loaded
août 25 19:38:03 fujitsu kernel: hpet0: at MMIO 0xfed00000, IRQs 2, 8, 0, 0, 0, 0, 0, 0
août 25 19:38:03 fujitsu kernel: hpet0: 8 comparators, 64-bit 14.318180 MHz counter
août 25 19:38:03 fujitsu kernel: clocksource: Switched to clocksource tsc-early
août 25 19:38:03 fujitsu kernel: VFS: Disk quotas dquot_6.6.0
août 25 19:38:03 fujitsu kernel: VFS: Dquot-cache hash table entries: 512 (order 0, 4096 bytes)
août 25 19:38:03 fujitsu kernel: AppArmor: AppArmor Filesystem Enabled
août 25 19:38:03 fujitsu kernel: pnp: PnP ACPI init
août 25 19:38:03 fujitsu kernel: system 00:00: [mem 0xfed40000-0xfed44fff] has been reserved
août 25 19:38:03 fujitsu kernel: system 00:01: [io  0x0680-0x069f] has been reserved
août 25 19:38:03 fujitsu kernel: system 00:01: [io  0xffff] has been reserved
août 25 19:38:03 fujitsu kernel: system 00:01: [io  0xffff] has been reserved
août 25 19:38:03 fujitsu kernel: system 00:01: [io  0xffff] has been reserved
août 25 19:38:03 fujitsu kernel: system 00:01: [io  0x1c00-0x1cfe] has been reserved
août 25 19:38:03 fujitsu kernel: system 00:01: [io  0x1d00-0x1dfe] has been reserved
août 25 19:38:03 fujitsu kernel: system 00:01: [io  0x1e00-0x1efe] has been reserved
août 25 19:38:03 fujitsu kernel: system 00:01: [io  0x1f00-0x1ffe] has been reserved
août 25 19:38:03 fujitsu kernel: system 00:01: [io  0x1800-0x18fe] has been reserved
août 25 19:38:03 fujitsu kernel: system 00:01: [io  0x164e-0x164f] has been reserved
août 25 19:38:03 fujitsu kernel: system 00:03: [io  0x1854-0x1857] has been reserved
août 25 19:38:03 fujitsu kernel: system 00:04: [io  0x0600-0x063f] has been reserved
août 25 19:38:03 fujitsu kernel: system 00:04: [io  0x0640-0x064f] has been reserved
août 25 19:38:03 fujitsu kernel: system 00:04: [io  0x0778-0x077f] has been reserved
août 25 19:38:03 fujitsu kernel: system 00:07: [io  0x04d0-0x04d1] has been reserved
août 25 19:38:03 fujitsu kernel: system 00:08: [mem 0xfed1c000-0xfed1ffff] has been reserved
août 25 19:38:03 fujitsu kernel: system 00:08: [mem 0xfed10000-0xfed17fff] has been reserved
août 25 19:38:03 fujitsu kernel: system 00:08: [mem 0xfed18000-0xfed18fff] has been reserved
août 25 19:38:03 fujitsu kernel: system 00:08: [mem 0xfed19000-0xfed19fff] has been reserved
août 25 19:38:03 fujitsu kernel: system 00:08: [mem 0xf8000000-0xfbffffff] has been reserved
août 25 19:38:03 fujitsu kernel: system 00:08: [mem 0xfed20000-0xfed3ffff] has been reserved
août 25 19:38:03 fujitsu kernel: system 00:08: [mem 0xfed90000-0xfed93fff] could not be reserved
août 25 19:38:03 fujitsu kernel: system 00:08: [mem 0xfed45000-0xfed8ffff] has been reserved
août 25 19:38:03 fujitsu kernel: system 00:08: [mem 0xff000000-0xffffffff] has been reserved
août 25 19:38:03 fujitsu kernel: system 00:08: [mem 0xfee00000-0xfeefffff] could not be reserved
août 25 19:38:03 fujitsu kernel: system 00:08: [mem 0xf7fdf000-0xf7fdffff] has been reserved
août 25 19:38:03 fujitsu kernel: system 00:08: [mem 0xf7fe0000-0xf7feffff] has been reserved
août 25 19:38:03 fujitsu kernel: pnp: PnP ACPI: found 9 devices
août 25 19:38:03 fujitsu kernel: clocksource: acpi_pm: mask: 0xffffff max_cycles: 0xffffff, max_idle_ns: 2085701024 ns
août 25 19:38:03 fujitsu kernel: NET: Registered PF_INET protocol family
août 25 19:38:03 fujitsu kernel: IP idents hash table entries: 262144 (order: 9, 2097152 bytes, linear)
août 25 19:38:03 fujitsu kernel: tcp_listen_portaddr_hash hash table entries: 16384 (order: 6, 262144 bytes, linear)
août 25 19:38:03 fujitsu kernel: Table-perturb hash table entries: 65536 (order: 6, 262144 bytes, linear)
août 25 19:38:03 fujitsu kernel: TCP established hash table entries: 262144 (order: 9, 2097152 bytes, linear)
août 25 19:38:03 fujitsu kernel: TCP bind hash table entries: 65536 (order: 8, 1048576 bytes, linear)
août 25 19:38:03 fujitsu kernel: TCP: Hash tables configured (established 262144 bind 65536)
août 25 19:38:03 fujitsu kernel: MPTCP token hash table entries: 32768 (order: 7, 786432 bytes, linear)
août 25 19:38:03 fujitsu kernel: UDP hash table entries: 16384 (order: 7, 524288 bytes, linear)
août 25 19:38:03 fujitsu kernel: UDP-Lite hash table entries: 16384 (order: 7, 524288 bytes, linear)
août 25 19:38:03 fujitsu kernel: NET: Registered PF_UNIX/PF_LOCAL protocol family
août 25 19:38:03 fujitsu kernel: NET: Registered PF_XDP protocol family
août 25 19:38:03 fujitsu kernel: pci 0000:00:01.0: PCI bridge to [bus 01]
août 25 19:38:03 fujitsu kernel: pci 0000:00:01.0:   bridge window [io  0xe000-0xefff]
août 25 19:38:03 fujitsu kernel: pci 0000:00:01.0:   bridge window [mem 0xf6000000-0xf70fffff]
août 25 19:38:03 fujitsu kernel: pci 0000:00:01.0:   bridge window [mem 0xe0000000-0xf1ffffff 64bit pref]
août 25 19:38:03 fujitsu kernel: pci_bus 0000:00: resource 4 [io  0x0000-0x0cf7 window]
août 25 19:38:03 fujitsu kernel: pci_bus 0000:00: resource 5 [io  0x0d00-0xffff window]
août 25 19:38:03 fujitsu kernel: pci_bus 0000:00: resource 6 [mem 0x000a0000-0x000bffff window]
août 25 19:38:03 fujitsu kernel: pci_bus 0000:00: resource 7 [mem 0xe0000000-0xfeafffff window]
août 25 19:38:03 fujitsu kernel: pci_bus 0000:01: resource 0 [io  0xe000-0xefff]
août 25 19:38:03 fujitsu kernel: pci_bus 0000:01: resource 1 [mem 0xf6000000-0xf70fffff]
août 25 19:38:03 fujitsu kernel: pci_bus 0000:01: resource 2 [mem 0xe0000000-0xf1ffffff 64bit pref]
août 25 19:38:03 fujitsu kernel: pci 0000:01:00.1: D0 power state depends on 0000:01:00.0
août 25 19:38:03 fujitsu kernel: PCI: CLS 64 bytes, default 64
août 25 19:38:03 fujitsu kernel: DMAR: No ATSR found
août 25 19:38:03 fujitsu kernel: DMAR: No SATC found
août 25 19:38:03 fujitsu kernel: DMAR: dmar0: Using Queued invalidation
août 25 19:38:03 fujitsu kernel: pci 0000:00:00.0: Adding to iommu group 0
août 25 19:38:03 fujitsu kernel: Trying to unpack rootfs image as initramfs...
août 25 19:38:03 fujitsu kernel: pci 0000:00:01.0: Adding to iommu group 1
août 25 19:38:03 fujitsu kernel: pci 0000:00:14.0: Adding to iommu group 2
août 25 19:38:03 fujitsu kernel: pci 0000:00:16.0: Adding to iommu group 3
août 25 19:38:03 fujitsu kernel: pci 0000:00:19.0: Adding to iommu group 4
août 25 19:38:03 fujitsu kernel: pci 0000:00:1a.0: Adding to iommu group 5
août 25 19:38:03 fujitsu kernel: pci 0000:00:1b.0: Adding to iommu group 6
août 25 19:38:03 fujitsu kernel: pci 0000:00:1d.0: Adding to iommu group 7
août 25 19:38:03 fujitsu kernel: pci 0000:00:1f.0: Adding to iommu group 8
août 25 19:38:03 fujitsu kernel: pci 0000:00:1f.2: Adding to iommu group 8
août 25 19:38:03 fujitsu kernel: pci 0000:00:1f.3: Adding to iommu group 8
août 25 19:38:03 fujitsu kernel: pci 0000:00:1f.6: Adding to iommu group 8
août 25 19:38:03 fujitsu kernel: pci 0000:01:00.0: Adding to iommu group 1
août 25 19:38:03 fujitsu kernel: pci 0000:01:00.1: Adding to iommu group 1
août 25 19:38:03 fujitsu kernel: DMAR: Intel(R) Virtualization Technology for Directed I/O
août 25 19:38:03 fujitsu kernel: PCI-DMA: Using software bounce buffering for IO (SWIOTLB)
août 25 19:38:03 fujitsu kernel: software IO TLB: mapped [mem 0x00000000c8b9b000-0x00000000ccb9b000] (64MB)
août 25 19:38:03 fujitsu kernel: Initialise system trusted keyrings
août 25 19:38:03 fujitsu kernel: Key type blacklist registered
août 25 19:38:03 fujitsu kernel: workingset: timestamp_bits=36 max_order=23 bucket_order=0
août 25 19:38:03 fujitsu kernel: zbud: loaded
août 25 19:38:03 fujitsu kernel: integrity: Platform Keyring initialized
août 25 19:38:03 fujitsu kernel: Key type asymmetric registered
août 25 19:38:03 fujitsu kernel: Asymmetric key parser 'x509' registered
août 25 19:38:03 fujitsu kernel: Freeing initrd memory: 100032K
août 25 19:38:03 fujitsu kernel: alg: self-tests for CTR-KDF (hmac(sha256)) passed
août 25 19:38:03 fujitsu kernel: Block layer SCSI generic (bsg) driver version 0.4 loaded (major 250)
août 25 19:38:03 fujitsu kernel: io scheduler mq-deadline registered
août 25 19:38:03 fujitsu kernel: pcieport 0000:00:01.0: PME: Signaling with IRQ 25
août 25 19:38:03 fujitsu kernel: shpchp: Standard Hot Plug PCI Controller Driver version: 0.4
août 25 19:38:03 fujitsu kernel: thermal LNXTHERM:00: registered as thermal_zone0
août 25 19:38:03 fujitsu kernel: ACPI: thermal: Thermal Zone [TZ00] (28 C)
août 25 19:38:03 fujitsu kernel: thermal LNXTHERM:01: registered as thermal_zone1
août 25 19:38:03 fujitsu kernel: ACPI: thermal: Thermal Zone [TZ01] (30 C)
août 25 19:38:03 fujitsu kernel: Serial: 8250/16550 driver, 4 ports, IRQ sharing enabled
août 25 19:38:03 fujitsu kernel: 00:05: ttyS0 at I/O 0x3f8 (irq = 4, base_baud = 115200) is a 16550A
août 25 19:38:03 fujitsu kernel: Linux agpgart interface v0.103
août 25 19:38:03 fujitsu kernel: AMD-Vi: AMD IOMMUv2 functionality not available on this system - This is not a bug.
août 25 19:38:03 fujitsu kernel: i8042: PNP: No PS/2 controller found.
août 25 19:38:03 fujitsu kernel: mousedev: PS/2 mouse device common for all mice
août 25 19:38:03 fujitsu kernel: rtc_cmos 00:02: RTC can wake from S4
août 25 19:38:03 fujitsu kernel: rtc_cmos 00:02: registered as rtc0
août 25 19:38:03 fujitsu kernel: rtc_cmos 00:02: setting system clock to 2022-08-25T17:38:00 UTC (1661449080)
août 25 19:38:03 fujitsu kernel: rtc_cmos 00:02: alarms up to one month, y3k, 242 bytes nvram, hpet irqs
août 25 19:38:03 fujitsu kernel: intel_pstate: Intel P-state driver initializing
août 25 19:38:03 fujitsu kernel: ledtrig-cpu: registered to indicate activity on CPUs
août 25 19:38:03 fujitsu kernel: efifb: probing for efifb
août 25 19:38:03 fujitsu kernel: efifb: framebuffer at 0xe0000000, using 3072k, total 3072k
août 25 19:38:03 fujitsu kernel: efifb: mode is 1024x768x32, linelength=4096, pages=1
août 25 19:38:03 fujitsu kernel: efifb: scrolling: redraw
août 25 19:38:03 fujitsu kernel: efifb: Truecolor: size=8:8:8:8, shift=24:16:8:0
août 25 19:38:03 fujitsu kernel: Console: switching to colour frame buffer device 128x48
août 25 19:38:03 fujitsu kernel: fb0: EFI VGA frame buffer device
août 25 19:38:03 fujitsu kernel: NET: Registered PF_INET6 protocol family
août 25 19:38:03 fujitsu kernel: Segment Routing with IPv6
août 25 19:38:03 fujitsu kernel: In-situ OAM (IOAM) with IPv6
août 25 19:38:03 fujitsu kernel: mip6: Mobile IPv6
août 25 19:38:03 fujitsu kernel: NET: Registered PF_PACKET protocol family
août 25 19:38:03 fujitsu kernel: mpls_gso: MPLS GSO support
août 25 19:38:03 fujitsu kernel: microcode: sig=0x306c3, pf=0x2, revision=0x28
août 25 19:38:03 fujitsu kernel: microcode: Microcode Update Driver: v2.2.
août 25 19:38:03 fujitsu kernel: IPI shorthand broadcast: enabled
août 25 19:38:03 fujitsu kernel: sched_clock: Marking stable (1135236533, 148568)->(1230640916, -95255815)
août 25 19:38:03 fujitsu kernel: registered taskstats version 1
août 25 19:38:03 fujitsu kernel: Loading compiled-in X.509 certificates
août 25 19:38:03 fujitsu kernel: tsc: Refined TSC clocksource calibration: 3491.898 MHz
août 25 19:38:03 fujitsu kernel: clocksource: tsc: mask: 0xffffffffffffffff max_cycles: 0x32556b72d29, max_idle_ns: 440795261561 ns
août 25 19:38:03 fujitsu kernel: clocksource: Switched to clocksource tsc
août 25 19:38:03 fujitsu kernel: Loaded X.509 cert 'Debian Secure Boot CA: 6ccece7e4c6c0d1f6149f3dd27dfcc5cbb419ea1'
août 25 19:38:03 fujitsu kernel: Loaded X.509 cert 'Debian Secure Boot Signer 2021 - linux: 4b6ef5abca669825178e052c84667ccbc0531f8c'
août 25 19:38:03 fujitsu kernel: zswap: loaded using pool lzo/zbud
août 25 19:38:03 fujitsu kernel: Key type ._fscrypt registered
août 25 19:38:03 fujitsu kernel: Key type .fscrypt registered
août 25 19:38:03 fujitsu kernel: Key type fscrypt-provisioning registered
août 25 19:38:03 fujitsu kernel: Key type encrypted registered
août 25 19:38:03 fujitsu kernel: AppArmor: AppArmor sha1 policy hashing enabled
août 25 19:38:03 fujitsu kernel: integrity: Loading X.509 certificate: UEFI:db
août 25 19:38:03 fujitsu kernel: integrity: Loaded X.509 cert 'Microsoft Windows Production PCA 2011: a92902398e16c49778cd90f99e4f9ae17c55af53'
août 25 19:38:03 fujitsu kernel: integrity: Loading X.509 certificate: UEFI:db
août 25 19:38:03 fujitsu kernel: integrity: Loaded X.509 cert 'Microsoft Corporation UEFI CA 2011: 13adbf4309bd82709c8cd54f316ed522988a1bd4'
août 25 19:38:03 fujitsu kernel: integrity: Loading X.509 certificate: UEFI:db
août 25 19:38:03 fujitsu kernel: integrity: Loaded X.509 cert 'Fujitsu Technology Solutions: FTS Linux module signing key: febf4f2f1b2d2ea95b6c280699cd2ab1a0b742f3'
août 25 19:38:03 fujitsu kernel: integrity: Loading X.509 certificate: UEFI:db
août 25 19:38:03 fujitsu kernel: integrity: Loaded X.509 cert 'Fujitsu BIOS DB Certificate: 2ebf8cd9b3324e874ef4e790ea6d1585'
août 25 19:38:03 fujitsu kernel: integrity: Loading X.509 certificate: UEFI:db
août 25 19:38:03 fujitsu kernel: integrity: Loaded X.509 cert 'Fujitsu Technology Solutions GmbH: DB: 9d8e0a4aa809435e7318cc863546eacfa37403e6'
août 25 19:38:03 fujitsu kernel: ima: No TPM chip found, activating TPM-bypass!
août 25 19:38:03 fujitsu kernel: ima: Allocated hash algorithm: sha256
août 25 19:38:03 fujitsu kernel: ima: No architecture policies found
août 25 19:38:03 fujitsu kernel: evm: Initialising EVM extended attributes:
août 25 19:38:03 fujitsu kernel: evm: security.selinux
août 25 19:38:03 fujitsu kernel: evm: security.SMACK64 (disabled)
août 25 19:38:03 fujitsu kernel: evm: security.SMACK64EXEC (disabled)
août 25 19:38:03 fujitsu kernel: evm: security.SMACK64TRANSMUTE (disabled)
août 25 19:38:03 fujitsu kernel: evm: security.SMACK64MMAP (disabled)
août 25 19:38:03 fujitsu kernel: evm: security.apparmor
août 25 19:38:03 fujitsu kernel: evm: security.ima
août 25 19:38:03 fujitsu kernel: evm: security.capability
août 25 19:38:03 fujitsu kernel: evm: HMAC attrs: 0x1
août 25 19:38:03 fujitsu kernel: Freeing unused decrypted memory: 2036K
août 25 19:38:03 fujitsu kernel: Freeing unused kernel image (initmem) memory: 2708K
août 25 19:38:03 fujitsu kernel: Write protecting the kernel read-only data: 24576k
août 25 19:38:03 fujitsu kernel: Freeing unused kernel image (text/rodata gap) memory: 2040K
août 25 19:38:03 fujitsu kernel: Freeing unused kernel image (rodata/data gap) memory: 1668K
août 25 19:38:03 fujitsu kernel: x86/mm: Checked W+X mappings: passed, no W+X pages found.
août 25 19:38:03 fujitsu kernel: x86/mm: Checking user space page tables
août 25 19:38:03 fujitsu kernel: x86/mm: Checked W+X mappings: passed, no W+X pages found.
août 25 19:38:03 fujitsu kernel: Run /init as init process
août 25 19:38:03 fujitsu kernel:   with arguments:
août 25 19:38:03 fujitsu kernel:     /init
août 25 19:38:03 fujitsu kernel:     splash
août 25 19:38:03 fujitsu kernel:   with environment:
août 25 19:38:03 fujitsu kernel:     HOME=/
août 25 19:38:03 fujitsu kernel:     TERM=linux
août 25 19:38:03 fujitsu kernel:     BOOT_IMAGE=/@/boot/vmlinuz-5.18.0-14parrot1-amd64
août 25 19:38:03 fujitsu kernel: input: Power Button as /devices/LNXSYSTM:00/LNXSYBUS:00/PNP0C0C:00/input/input0
août 25 19:38:03 fujitsu kernel: ACPI: button: Power Button [PWRB]
août 25 19:38:03 fujitsu kernel: input: Power Button as /devices/LNXSYSTM:00/LNXPWRBN:00/input/input1
août 25 19:38:03 fujitsu kernel: pps_core: LinuxPPS API ver. 1 registered
août 25 19:38:03 fujitsu kernel: pps_core: Software ver. 5.3.6 - Copyright 2005-2007 Rodolfo Giometti <giometti@linux.it>
août 25 19:38:03 fujitsu kernel: ACPI: button: Power Button [PWRF]
août 25 19:38:03 fujitsu kernel: PTP clock support registered
août 25 19:38:03 fujitsu kernel: ACPI Warning: SystemIO range 0x0000000000001828-0x000000000000182F conflicts with OpRegion 0x0000000000001800-0x000000000000187F (\PMIO) (20211217/utaddress-204)
août 25 19:38:03 fujitsu kernel: ACPI: OSL: Resource conflict; ACPI support missing from driver?
août 25 19:38:03 fujitsu kernel: ACPI Warning: SystemIO range 0x0000000000001C40-0x0000000000001C4F conflicts with OpRegion 0x0000000000001C00-0x0000000000001FFF (\GPR) (20211217/utaddress-204)
août 25 19:38:03 fujitsu kernel: ACPI: OSL: Resource conflict; ACPI support missing from driver?
août 25 19:38:03 fujitsu kernel: ACPI Warning: SystemIO range 0x0000000000001C30-0x0000000000001C3F conflicts with OpRegion 0x0000000000001C00-0x0000000000001C3F (\GPRL) (20211217/utaddress-204)
août 25 19:38:03 fujitsu kernel: ACPI Warning: SystemIO range 0x0000000000001C30-0x0000000000001C3F conflicts with OpRegion 0x0000000000001C00-0x0000000000001FFF (\GPR) (20211217/utaddress-204)
août 25 19:38:03 fujitsu kernel: ACPI: OSL: Resource conflict; ACPI support missing from driver?
août 25 19:38:03 fujitsu kernel: ACPI Warning: SystemIO range 0x0000000000001C00-0x0000000000001C2F conflicts with OpRegion 0x0000000000001C00-0x0000000000001C3F (\GPRL) (20211217/utaddress-204)
août 25 19:38:03 fujitsu kernel: ACPI Warning: SystemIO range 0x0000000000001C00-0x0000000000001C2F conflicts with OpRegion 0x0000000000001C00-0x0000000000001FFF (\GPR) (20211217/utaddress-204)
août 25 19:38:03 fujitsu kernel: ACPI: OSL: Resource conflict; ACPI support missing from driver?
août 25 19:38:03 fujitsu kernel: lpc_ich: Resource conflict(s) found affecting gpio_ich
août 25 19:38:03 fujitsu kernel: ACPI: bus type USB registered
août 25 19:38:03 fujitsu kernel: usbcore: registered new interface driver usbfs
août 25 19:38:03 fujitsu kernel: usbcore: registered new interface driver hub
août 25 19:38:03 fujitsu kernel: usbcore: registered new device driver usb
août 25 19:38:03 fujitsu kernel: e1000e: Intel(R) PRO/1000 Network Driver
août 25 19:38:03 fujitsu kernel: e1000e: Copyright(c) 1999 - 2015 Intel Corporation.
août 25 19:38:03 fujitsu kernel: e1000e 0000:00:19.0: Interrupt Throttling Rate (ints/sec) set to dynamic conservative mode
août 25 19:38:03 fujitsu kernel: SCSI subsystem initialized
août 25 19:38:03 fujitsu kernel: ehci_hcd: USB 2.0 'Enhanced' Host Controller (EHCI) Driver
août 25 19:38:03 fujitsu kernel: ehci-pci: EHCI PCI platform driver
août 25 19:38:03 fujitsu kernel: cryptd: max_cpu_qlen set to 1000
août 25 19:38:03 fujitsu kernel: i801_smbus 0000:00:1f.3: SMBus using PCI interrupt
août 25 19:38:03 fujitsu kernel: ehci-pci 0000:00:1a.0: EHCI Host Controller
août 25 19:38:03 fujitsu kernel: ehci-pci 0000:00:1a.0: new USB bus registered, assigned bus number 1
août 25 19:38:03 fujitsu kernel: ehci-pci 0000:00:1a.0: debug port 2
août 25 19:38:03 fujitsu kernel: i2c i2c-0: 4/4 memory slots populated (from DMI)
août 25 19:38:03 fujitsu kernel: i2c i2c-0: Successfully instantiated SPD at 0x50
août 25 19:38:03 fujitsu kernel: i2c i2c-0: Successfully instantiated SPD at 0x51
août 25 19:38:03 fujitsu kernel: i2c i2c-0: Successfully instantiated SPD at 0x52
août 25 19:38:03 fujitsu kernel: i2c i2c-0: Successfully instantiated SPD at 0x53
août 25 19:38:03 fujitsu kernel: ehci-pci 0000:00:1a.0: irq 16, io mem 0xf7138000
août 25 19:38:03 fujitsu kernel: AVX2 version of gcm_enc/dec engaged.
août 25 19:38:03 fujitsu kernel: AES CTR mode by8 optimization enabled
août 25 19:38:03 fujitsu kernel: libata version 3.00 loaded.
août 25 19:38:03 fujitsu kernel: ahci 0000:00:1f.2: version 3.0
août 25 19:38:03 fujitsu kernel: ahci 0000:00:1f.2: AHCI 0001.0300 32 slots 6 ports 6 Gbps 0x3 impl SATA mode
août 25 19:38:03 fujitsu kernel: ahci 0000:00:1f.2: flags: 64bit ncq pm led clo pio slum part ems apst 
août 25 19:38:03 fujitsu kernel: ehci-pci 0000:00:1a.0: USB 2.0 started, EHCI 1.00
août 25 19:38:03 fujitsu kernel: usb usb1: New USB device found, idVendor=1d6b, idProduct=0002, bcdDevice= 5.18
août 25 19:38:03 fujitsu kernel: usb usb1: New USB device strings: Mfr=3, Product=2, SerialNumber=1
août 25 19:38:03 fujitsu kernel: usb usb1: Product: EHCI Host Controller
août 25 19:38:03 fujitsu kernel: usb usb1: Manufacturer: Linux 5.18.0-14parrot1-amd64 ehci_hcd
août 25 19:38:03 fujitsu kernel: usb usb1: SerialNumber: 0000:00:1a.0
août 25 19:38:03 fujitsu kernel: hub 1-0:1.0: USB hub found
août 25 19:38:03 fujitsu kernel: hub 1-0:1.0: 2 ports detected
août 25 19:38:03 fujitsu kernel: xhci_hcd 0000:00:14.0: xHCI Host Controller
août 25 19:38:03 fujitsu kernel: xhci_hcd 0000:00:14.0: new USB bus registered, assigned bus number 2
août 25 19:38:03 fujitsu kernel: scsi host0: ahci
août 25 19:38:03 fujitsu kernel: scsi host1: ahci
août 25 19:38:03 fujitsu kernel: scsi host2: ahci
août 25 19:38:03 fujitsu kernel: scsi host3: ahci
août 25 19:38:03 fujitsu kernel: scsi host4: ahci
août 25 19:38:03 fujitsu kernel: scsi host5: ahci
août 25 19:38:03 fujitsu kernel: ata1: SATA max UDMA/133 abar m2048@0xf7136000 port 0xf7136100 irq 27
août 25 19:38:03 fujitsu kernel: ata2: SATA max UDMA/133 abar m2048@0xf7136000 port 0xf7136180 irq 27
août 25 19:38:03 fujitsu kernel: ata3: DUMMY
août 25 19:38:03 fujitsu kernel: ata4: DUMMY
août 25 19:38:03 fujitsu kernel: ata5: DUMMY
août 25 19:38:03 fujitsu kernel: ata6: DUMMY
août 25 19:38:03 fujitsu kernel: xhci_hcd 0000:00:14.0: hcc params 0x200077c1 hci version 0x100 quirks 0x0000000000009810
août 25 19:38:03 fujitsu kernel: ehci-pci 0000:00:1d.0: EHCI Host Controller
août 25 19:38:03 fujitsu kernel: ehci-pci 0000:00:1d.0: new USB bus registered, assigned bus number 3
août 25 19:38:03 fujitsu kernel: ehci-pci 0000:00:1d.0: debug port 2
août 25 19:38:03 fujitsu kernel: xhci_hcd 0000:00:14.0: xHCI Host Controller
août 25 19:38:03 fujitsu kernel: xhci_hcd 0000:00:14.0: new USB bus registered, assigned bus number 4
août 25 19:38:03 fujitsu kernel: xhci_hcd 0000:00:14.0: Host supports USB 3.0 SuperSpeed
août 25 19:38:03 fujitsu kernel: usb usb2: New USB device found, idVendor=1d6b, idProduct=0002, bcdDevice= 5.18
août 25 19:38:03 fujitsu kernel: usb usb2: New USB device strings: Mfr=3, Product=2, SerialNumber=1
août 25 19:38:03 fujitsu kernel: usb usb2: Product: xHCI Host Controller
août 25 19:38:03 fujitsu kernel: usb usb2: Manufacturer: Linux 5.18.0-14parrot1-amd64 xhci-hcd
août 25 19:38:03 fujitsu kernel: usb usb2: SerialNumber: 0000:00:14.0
août 25 19:38:03 fujitsu kernel: hub 2-0:1.0: USB hub found
août 25 19:38:03 fujitsu kernel: hub 2-0:1.0: 15 ports detected
août 25 19:38:03 fujitsu kernel: usb usb4: New USB device found, idVendor=1d6b, idProduct=0003, bcdDevice= 5.18
août 25 19:38:03 fujitsu kernel: usb usb4: New USB device strings: Mfr=3, Product=2, SerialNumber=1
août 25 19:38:03 fujitsu kernel: usb usb4: Product: xHCI Host Controller
août 25 19:38:03 fujitsu kernel: usb usb4: Manufacturer: Linux 5.18.0-14parrot1-amd64 xhci-hcd
août 25 19:38:03 fujitsu kernel: usb usb4: SerialNumber: 0000:00:14.0
août 25 19:38:03 fujitsu kernel: hub 4-0:1.0: USB hub found
août 25 19:38:03 fujitsu kernel: hub 4-0:1.0: 6 ports detected
août 25 19:38:03 fujitsu kernel: usb: port power management may be unreliable
août 25 19:38:03 fujitsu kernel: ehci-pci 0000:00:1d.0: irq 23, io mem 0xf7137000
août 25 19:38:03 fujitsu kernel: ehci-pci 0000:00:1d.0: USB 2.0 started, EHCI 1.00
août 25 19:38:03 fujitsu kernel: usb usb3: New USB device found, idVendor=1d6b, idProduct=0002, bcdDevice= 5.18
août 25 19:38:03 fujitsu kernel: usb usb3: New USB device strings: Mfr=3, Product=2, SerialNumber=1
août 25 19:38:03 fujitsu kernel: usb usb3: Product: EHCI Host Controller
août 25 19:38:03 fujitsu kernel: usb usb3: Manufacturer: Linux 5.18.0-14parrot1-amd64 ehci_hcd
août 25 19:38:03 fujitsu kernel: usb usb3: SerialNumber: 0000:00:1d.0
août 25 19:38:03 fujitsu kernel: hub 3-0:1.0: USB hub found
août 25 19:38:03 fujitsu kernel: hub 3-0:1.0: 2 ports detected
août 25 19:38:03 fujitsu kernel: e1000e 0000:00:19.0 0000:00:19.0 (uninitialized): registered PHC clock
août 25 19:38:03 fujitsu kernel: e1000e 0000:00:19.0 eth0: (PCI Express:2.5GT/s:Width x1) 90:1b:0e:65:77:3e
août 25 19:38:03 fujitsu kernel: e1000e 0000:00:19.0 eth0: Intel(R) PRO/1000 Network Connection
août 25 19:38:03 fujitsu kernel: e1000e 0000:00:19.0 eth0: MAC: 11, PHY: 12, PBA No: FFFFFF-0FF
août 25 19:38:03 fujitsu kernel: usb 1-1: new high-speed USB device number 2 using ehci-pci
août 25 19:38:03 fujitsu kernel: usb 2-2: new low-speed USB device number 2 using xhci_hcd
août 25 19:38:03 fujitsu kernel: usb 3-1: new high-speed USB device number 2 using ehci-pci
août 25 19:38:03 fujitsu kernel: ata1: SATA link up 6.0 Gbps (SStatus 133 SControl 300)
août 25 19:38:03 fujitsu kernel: ata2: SATA link up 1.5 Gbps (SStatus 113 SControl 300)
août 25 19:38:03 fujitsu kernel: ata1.00: ATA-9: SAMSUNG MZ7LN512HCHP-00000, EMT0100Q, max UDMA/133
août 25 19:38:03 fujitsu kernel: ata2.00: ATAPI: HL-DT-ST DVDRAM GHC0N, VF01, max UDMA/100
août 25 19:38:03 fujitsu kernel: ata1.00: 1000215216 sectors, multi 1: LBA48 NCQ (depth 32), AA
août 25 19:38:03 fujitsu kernel: ata1.00: Features: Dev-Sleep NCQ-sndrcv
août 25 19:38:03 fujitsu kernel: ata2.00: configured for UDMA/100
août 25 19:38:03 fujitsu kernel: ata1.00: configured for UDMA/133
août 25 19:38:03 fujitsu kernel: scsi 0:0:0:0: Direct-Access     ATA      SAMSUNG MZ7LN512 100Q PQ: 0 ANSI: 5
août 25 19:38:03 fujitsu kernel: scsi 1:0:0:0: CD-ROM            HL-DT-ST DVDRAM GHC0N     VF01 PQ: 0 ANSI: 5
août 25 19:38:03 fujitsu kernel: sd 0:0:0:0: [sda] 1000215216 512-byte logical blocks: (512 GB/477 GiB)
août 25 19:38:03 fujitsu kernel: sd 0:0:0:0: [sda] Write Protect is off
août 25 19:38:03 fujitsu kernel: sd 0:0:0:0: [sda] Mode Sense: 00 3a 00 00
août 25 19:38:03 fujitsu kernel: sd 0:0:0:0: [sda] Write cache: enabled, read cache: enabled, doesn't support DPO or FUA
août 25 19:38:03 fujitsu kernel:  sda: sda1 sda2 sda3 sda4 sda5
août 25 19:38:03 fujitsu kernel: usb 1-1: New USB device found, idVendor=8087, idProduct=8008, bcdDevice= 0.04
août 25 19:38:03 fujitsu kernel: usb 1-1: New USB device strings: Mfr=0, Product=0, SerialNumber=0
août 25 19:38:03 fujitsu kernel: hub 1-1:1.0: USB hub found
août 25 19:38:03 fujitsu kernel: hub 1-1:1.0: 6 ports detected
août 25 19:38:03 fujitsu kernel: usb 2-2: New USB device found, idVendor=0bf8, idProduct=101e, bcdDevice= 1.09
août 25 19:38:03 fujitsu kernel: usb 2-2: New USB device strings: Mfr=1, Product=2, SerialNumber=0
août 25 19:38:03 fujitsu kernel: usb 2-2: Product: Fujitsu Keyboard
août 25 19:38:03 fujitsu kernel: usb 2-2: Manufacturer: Fujitsu
août 25 19:38:03 fujitsu kernel: sd 0:0:0:0: [sda] Attached SCSI disk
août 25 19:38:03 fujitsu kernel: sr 1:0:0:0: [sr0] scsi3-mmc drive: 48x/12x writer dvd-ram cd/rw xa/form2 cdda tray
août 25 19:38:03 fujitsu kernel: cdrom: Uniform CD-ROM driver Revision: 3.20
août 25 19:38:03 fujitsu kernel: usb 3-1: New USB device found, idVendor=8087, idProduct=8000, bcdDevice= 0.04
août 25 19:38:03 fujitsu kernel: usb 3-1: New USB device strings: Mfr=0, Product=0, SerialNumber=0
août 25 19:38:03 fujitsu kernel: hub 3-1:1.0: USB hub found
août 25 19:38:03 fujitsu kernel: hub 3-1:1.0: 8 ports detected
août 25 19:38:03 fujitsu kernel: sr 1:0:0:0: Attached scsi CD-ROM sr0
août 25 19:38:03 fujitsu kernel: usb 2-6: new low-speed USB device number 3 using xhci_hcd
août 25 19:38:03 fujitsu kernel: usb 2-6: New USB device found, idVendor=4e53, idProduct=5406, bcdDevice= 1.00
août 25 19:38:03 fujitsu kernel: usb 2-6: New USB device strings: Mfr=0, Product=1, SerialNumber=0
août 25 19:38:03 fujitsu kernel: usb 2-6: Product: USB OPTICAL MOUSE 
août 25 19:38:03 fujitsu kernel: usb 2-7: new full-speed USB device number 4 using xhci_hcd
août 25 19:38:03 fujitsu kernel: usb 2-7: New USB device found, idVendor=0d8c, idProduct=0014, bcdDevice= 1.00
août 25 19:38:03 fujitsu kernel: usb 2-7: New USB device strings: Mfr=1, Product=2, SerialNumber=0
août 25 19:38:03 fujitsu kernel: usb 2-7: Product: USB Audio Device
août 25 19:38:03 fujitsu kernel: usb 2-7: Manufacturer: C-Media Electronics Inc.
août 25 19:38:03 fujitsu kernel: usb 2-8: new full-speed USB device number 5 using xhci_hcd
août 25 19:38:03 fujitsu kernel: usb 2-8: New USB device found, idVendor=1a81, idProduct=2205, bcdDevice= 0.01
août 25 19:38:03 fujitsu kernel: usb 2-8: New USB device strings: Mfr=1, Product=2, SerialNumber=0
août 25 19:38:03 fujitsu kernel: usb 2-8: Product: Fujitsu Mouse
août 25 19:38:03 fujitsu kernel: usb 2-8: Manufacturer: Fujitsu Mouse
août 25 19:38:03 fujitsu kernel: usb 2-10: new high-speed USB device number 6 using xhci_hcd
août 25 19:38:03 fujitsu kernel: usb 2-10: New USB device found, idVendor=0bda, idProduct=b812, bcdDevice= 2.10
août 25 19:38:03 fujitsu kernel: usb 2-10: New USB device strings: Mfr=1, Product=2, SerialNumber=3
août 25 19:38:03 fujitsu kernel: usb 2-10: Product: 802.11ac NIC
août 25 19:38:03 fujitsu kernel: usb 2-10: Manufacturer: Realtek
août 25 19:38:03 fujitsu kernel: usb 2-10: SerialNumber: 123456
août 25 19:38:03 fujitsu kernel: hid: raw HID events driver (C) Jiri Kosina
août 25 19:38:03 fujitsu kernel: usbcore: registered new interface driver usbhid
août 25 19:38:03 fujitsu kernel: usbhid: USB HID core driver
août 25 19:38:03 fujitsu kernel: input: Fujitsu Fujitsu Keyboard as /devices/pci0000:00/0000:00:14.0/usb2/2-2/2-2:1.0/0003:0BF8:101E.0001/input/input2
août 25 19:38:03 fujitsu kernel: hid-generic 0003:0BF8:101E.0001: input,hidraw0: USB HID v1.10 Keyboard [Fujitsu Fujitsu Keyboard] on usb-0000:00:14.0-2/input0
août 25 19:38:03 fujitsu kernel: input: Fujitsu Fujitsu Keyboard System Control as /devices/pci0000:00/0000:00:14.0/usb2/2-2/2-2:1.1/0003:0BF8:101E.0002/input/input3
août 25 19:38:03 fujitsu kernel: input: Fujitsu Fujitsu Keyboard Consumer Control as /devices/pci0000:00/0000:00:14.0/usb2/2-2/2-2:1.1/0003:0BF8:101E.0002/input/input4
août 25 19:38:03 fujitsu kernel: hid-generic 0003:0BF8:101E.0002: input,hiddev0,hidraw1: USB HID v1.10 Device [Fujitsu Fujitsu Keyboard] on usb-0000:00:14.0-2/input1
août 25 19:38:03 fujitsu kernel: input: USB OPTICAL MOUSE  as /devices/pci0000:00/0000:00:14.0/usb2/2-6/2-6:1.0/0003:4E53:5406.0003/input/input5
août 25 19:38:03 fujitsu kernel: hid-generic 0003:4E53:5406.0003: input,hidraw2: USB HID v1.11 Mouse [USB OPTICAL MOUSE ] on usb-0000:00:14.0-6/input0
août 25 19:38:03 fujitsu kernel: input: USB OPTICAL MOUSE  Keyboard as /devices/pci0000:00/0000:00:14.0/usb2/2-6/2-6:1.1/0003:4E53:5406.0004/input/input6
août 25 19:38:03 fujitsu kernel: hid-generic 0003:4E53:5406.0004: input,hiddev1,hidraw3: USB HID v1.10 Keyboard [USB OPTICAL MOUSE ] on usb-0000:00:14.0-6/input1
août 25 19:38:03 fujitsu kernel: input: C-Media Electronics Inc. USB Audio Device as /devices/pci0000:00/0000:00:14.0/usb2/2-7/2-7:1.3/0003:0D8C:0014.0005/input/input8
août 25 19:38:03 fujitsu kernel: hid-generic 0003:0D8C:0014.0005: input,hidraw4: USB HID v1.00 Device [C-Media Electronics Inc. USB Audio Device] on usb-0000:00:14.0-7/input3
août 25 19:38:03 fujitsu kernel: input: Fujitsu Mouse Fujitsu Mouse as /devices/pci0000:00/0000:00:14.0/usb2/2-8/2-8:1.0/0003:1A81:2205.0006/input/input9
août 25 19:38:03 fujitsu kernel: input: Fujitsu Mouse Fujitsu Mouse as /devices/pci0000:00/0000:00:14.0/usb2/2-8/2-8:1.0/0003:1A81:2205.0006/input/input10
août 25 19:38:03 fujitsu kernel: input: Fujitsu Mouse Fujitsu Mouse Consumer Control as /devices/pci0000:00/0000:00:14.0/usb2/2-8/2-8:1.0/0003:1A81:2205.0006/input/input11
août 25 19:38:03 fujitsu kernel: input: Fujitsu Mouse Fujitsu Mouse System Control as /devices/pci0000:00/0000:00:14.0/usb2/2-8/2-8:1.0/0003:1A81:2205.0006/input/input12
août 25 19:38:03 fujitsu kernel: hid-generic 0003:1A81:2205.0006: input,hiddev2,hidraw5: USB HID v1.11 Mouse [Fujitsu Mouse Fujitsu Mouse] on usb-0000:00:14.0-8/input0
août 25 19:38:03 fujitsu kernel: cmedia_hs100b 0003:0D8C:0014.0005: Fixing CMedia HS-100B report descriptor
août 25 19:38:03 fujitsu kernel: input: C-Media Electronics Inc. USB Audio Device as /devices/pci0000:00/0000:00:14.0/usb2/2-7/2-7:1.3/0003:0D8C:0014.0005/input/input14
août 25 19:38:03 fujitsu kernel: cmedia_hs100b 0003:0D8C:0014.0005: input,hidraw4: USB HID v1.00 Device [C-Media Electronics Inc. USB Audio Device] on usb-0000:00:14.0-7/input3
août 25 19:38:03 fujitsu kernel: raid6: avx2x4   gen() 33204 MB/s
août 25 19:38:03 fujitsu kernel: raid6: avx2x2   gen() 35854 MB/s
août 25 19:38:03 fujitsu kernel: raid6: avx2x1   gen() 33131 MB/s
août 25 19:38:03 fujitsu kernel: raid6: using algorithm avx2x2 gen() 35854 MB/s
août 25 19:38:03 fujitsu kernel: raid6: .... xor() 22307 MB/s, rmw enabled
août 25 19:38:03 fujitsu kernel: raid6: using avx2x2 recovery algorithm
août 25 19:38:03 fujitsu kernel: xor: automatically using best checksumming function   avx       
août 25 19:38:03 fujitsu kernel: Btrfs loaded, crc32c=crc32c-intel, zoned=yes, fsverity=yes
août 25 19:38:03 fujitsu kernel: SGI XFS with ACLs, security attributes, realtime, quota, no debug enabled
août 25 19:38:03 fujitsu kernel: async_tx: api initialized (async)
août 25 19:38:03 fujitsu kernel: BTRFS: device fsid 1fb5792b-645d-4ac8-adfe-a53fbfe58977 devid 1 transid 9640 /dev/sda5 scanned by btrfs (338)
août 25 19:38:03 fujitsu kernel: BTRFS info (device sda5): flagging fs with big metadata feature
août 25 19:38:03 fujitsu kernel: BTRFS info (device sda5): disk space caching is enabled
août 25 19:38:03 fujitsu kernel: BTRFS info (device sda5): has skinny extents
août 25 19:38:03 fujitsu kernel: BTRFS info (device sda5): enabling ssd optimizations
août 25 19:38:03 fujitsu kernel: Not activating Mandatory Access Control as /sbin/tomoyo-init does not exist.
août 25 19:38:03 fujitsu systemd[1]: Inserted module 'autofs4'
août 25 19:38:03 fujitsu systemd[1]: systemd 251.3-1~bpo11+1 running in system mode (+PAM +AUDIT +SELINUX +APPARMOR +IMA +SMACK +SECCOMP +GCRYPT -GNUTLS +OPENSSL +ACL +BLKID +CURL +ELFUTILS +FIDO2 +IDN2 -IDN +IPTC +KMOD +LIBCRYPTSETUP +LIBFDISK +PCRE2 -PWQUALITY -P11KIT -QRENCODE +TPM2 +BZIP2 +LZ4 +XZ +ZLIB +ZSTD -BPF_FRAMEWORK -XKBCOMMON +UTMP +SYSVINIT default-hierarchy=unified)
août 25 19:38:03 fujitsu systemd[1]: Detected architecture x86-64.
août 25 19:38:03 fujitsu systemd[1]: Hostname set to <fujitsu>.
août 25 19:38:03 fujitsu systemd[1]: /lib/systemd/system/plymouth-start.service:16: Unit configured to use KillMode=none. This is unsafe, as it disables systemd's process lifecycle management for the service. Please update your service to use a safer KillMode=, such as 'mixed' or 'control-group'. Support for KillMode=none is deprecated and will eventually be removed.
août 25 19:38:03 fujitsu systemd[1]: Queued start job for default target Graphical Interface.
août 25 19:38:03 fujitsu systemd[1]: Created slice Slice /system/getty.
août 25 19:38:03 fujitsu systemd[1]: Created slice Slice /system/modprobe.
août 25 19:38:03 fujitsu systemd[1]: Created slice Slice /system/postgresql.
août 25 19:38:03 fujitsu systemd[1]: Created slice Slice /system/redis-server.
août 25 19:38:03 fujitsu systemd[1]: Created slice Slice /system/systemd-fsck.
août 25 19:38:03 fujitsu systemd[1]: Created slice User and Session Slice.
août 25 19:38:03 fujitsu systemd[1]: Started Forward Password Requests to Wall Directory Watch.
août 25 19:38:03 fujitsu systemd[1]: Set up automount Arbitrary Executable File Formats File System Automount Point.
août 25 19:38:03 fujitsu systemd[1]: Reached target Local Integrity Protected Volumes.
août 25 19:38:03 fujitsu systemd[1]: Reached target User and Group Name Lookups.
août 25 19:38:03 fujitsu systemd[1]: Reached target Remote File Systems.
août 25 19:38:03 fujitsu systemd[1]: Reached target Slice Units.
août 25 19:38:03 fujitsu systemd[1]: Reached target Swaps.
août 25 19:38:03 fujitsu systemd[1]: Reached target Local Verity Protected Volumes.
août 25 19:38:03 fujitsu systemd[1]: Listening on Device-mapper event daemon FIFOs.
août 25 19:38:03 fujitsu systemd[1]: Listening on LVM2 poll daemon socket.
août 25 19:38:03 fujitsu systemd[1]: Listening on fsck to fsckd communication Socket.
août 25 19:38:03 fujitsu systemd[1]: Listening on initctl Compatibility Named Pipe.
août 25 19:38:03 fujitsu systemd[1]: Listening on Journal Audit Socket.
août 25 19:38:03 fujitsu systemd[1]: Listening on Journal Socket (/dev/log).
août 25 19:38:03 fujitsu systemd[1]: Listening on Journal Socket.
août 25 19:38:03 fujitsu systemd[1]: Listening on udev Control Socket.
août 25 19:38:03 fujitsu systemd[1]: Listening on udev Kernel Socket.
août 25 19:38:03 fujitsu systemd[1]: Mounting Huge Pages File System...
août 25 19:38:03 fujitsu systemd[1]: Mounting POSIX Message Queue File System...
août 25 19:38:03 fujitsu systemd[1]: Mounting Kernel Debug File System...
août 25 19:38:03 fujitsu systemd[1]: Mounting Kernel Trace File System...
août 25 19:38:03 fujitsu systemd[1]: Finished Availability of block devices.
août 25 19:38:03 fujitsu systemd[1]: Starting Set the console keyboard layout...
août 25 19:38:03 fujitsu systemd[1]: Starting Create List of Static Device Nodes...
août 25 19:38:03 fujitsu systemd[1]: Starting Monitoring of LVM2 mirrors, snapshots etc. using dmeventd or progress polling...
août 25 19:38:03 fujitsu systemd[1]: Starting Load Kernel Module configfs...
août 25 19:38:03 fujitsu systemd[1]: Starting Load Kernel Module drm...
août 25 19:38:03 fujitsu systemd[1]: Starting Load Kernel Module fuse...
août 25 19:38:03 fujitsu systemd[1]: File System Check on Root Device was skipped because of a failed condition check (ConditionPathExists=!/run/initramfs/fsck-root).
août 25 19:38:03 fujitsu systemd[1]: Starting Journal Service...
août 25 19:38:03 fujitsu systemd[1]: Starting Load Kernel Modules...
août 25 19:38:03 fujitsu systemd[1]: Starting Remount Root and Kernel File Systems...
août 25 19:38:03 fujitsu systemd[1]: Repartition Root Disk was skipped because all trigger condition checks failed.
août 25 19:38:03 fujitsu systemd[1]: Starting Coldplug All udev Devices...
août 25 19:38:03 fujitsu systemd[1]: Starting Uncomplicated firewall...
août 25 19:38:03 fujitsu kernel: fuse: init (API version 7.36)
août 25 19:38:03 fujitsu systemd[1]: Mounted Huge Pages File System.
août 25 19:38:03 fujitsu systemd[1]: Mounted POSIX Message Queue File System.
août 25 19:38:03 fujitsu systemd[1]: Mounted Kernel Debug File System.
août 25 19:38:03 fujitsu systemd[1]: Mounted Kernel Trace File System.
août 25 19:38:03 fujitsu systemd[1]: Finished Set the console keyboard layout.
août 25 19:38:03 fujitsu systemd[1]: Finished Create List of Static Device Nodes.
août 25 19:38:03 fujitsu systemd[1]: modprobe@configfs.service: Deactivated successfully.
août 25 19:38:03 fujitsu systemd[1]: Finished Load Kernel Module configfs.
août 25 19:38:03 fujitsu systemd[1]: modprobe@fuse.service: Deactivated successfully.
août 25 19:38:03 fujitsu systemd[1]: Finished Load Kernel Module fuse.
août 25 19:38:03 fujitsu kernel: BTRFS info (device sda5: state M): setting nodatacow, compression disabled
août 25 19:38:03 fujitsu kernel: BTRFS info (device sda5: state M): enabling auto defrag
août 25 19:38:03 fujitsu kernel: BTRFS info (device sda5: state M): turning on sync discard
août 25 19:38:03 fujitsu kernel: BTRFS info (device sda5: state M): use zstd compression, level 3
août 25 19:38:03 fujitsu kernel: BTRFS info (device sda5: state M): disk space caching is enabled
août 25 19:38:03 fujitsu systemd[1]: Mounting FUSE Control File System...
août 25 19:38:03 fujitsu systemd[1]: Mounting Kernel Configuration File System...
août 25 19:38:03 fujitsu kernel: ACPI: bus type drm_connector registered
août 25 19:38:03 fujitsu systemd[1]: modprobe@drm.service: Deactivated successfully.
août 25 19:38:03 fujitsu systemd[1]: Finished Load Kernel Module drm.
août 25 19:38:03 fujitsu systemd[1]: Finished Remount Root and Kernel File Systems.
août 25 19:38:03 fujitsu systemd[1]: Mounted FUSE Control File System.
août 25 19:38:03 fujitsu systemd[1]: Mounted Kernel Configuration File System.
août 25 19:38:03 fujitsu systemd[1]: VMware vmblock fuse mount was skipped because of a failed condition check (ConditionVirtualization=vmware).
août 25 19:38:03 fujitsu systemd[1]: Platform Persistent Storage Archival was skipped because of a failed condition check (ConditionDirectoryNotEmpty=/sys/fs/pstore).
août 25 19:38:03 fujitsu systemd[1]: Starting Load/Save Random Seed...
août 25 19:38:03 fujitsu systemd[1]: Starting Create System Users...
août 25 19:38:03 fujitsu systemd[1]: Finished Load/Save Random Seed.
août 25 19:38:03 fujitsu systemd[1]: First Boot Complete was skipped because of a failed condition check (ConditionFirstBoot=yes).
août 25 19:38:03 fujitsu systemd-journald[435]: Journal started
août 25 19:38:03 fujitsu systemd-journald[435]: Runtime Journal (/run/log/journal/9840608e58764faf88aa3159116ea10a) is 8.0M, max 239.6M, 231.6M free.
août 25 19:38:03 fujitsu systemd[1]: Starting Flush Journal to Persistent Storage...
août 25 19:38:03 fujitsu systemd[1]: Started Journal Service.
août 25 19:38:03 fujitsu systemd[1]: Finished Monitoring of LVM2 mirrors, snapshots etc. using dmeventd or progress polling.
août 25 19:38:03 fujitsu systemd-journald[435]: Time spent on flushing to /var/log/journal/9840608e58764faf88aa3159116ea10a is 205.172ms for 841 entries.
août 25 19:38:03 fujitsu systemd-journald[435]: System Journal (/var/log/journal/9840608e58764faf88aa3159116ea10a) is 144.3M, max 4.0G, 3.8G free.
août 25 19:38:04 fujitsu systemd-journald[435]: Received client request to flush runtime journal.
août 25 19:38:04 fujitsu kernel: nvidia: loading out-of-tree module taints kernel.
août 25 19:38:04 fujitsu kernel: nvidia: module license 'NVIDIA' taints kernel.
août 25 19:38:04 fujitsu kernel: Disabling lock debugging due to kernel taint
août 25 19:38:04 fujitsu kernel: nvidia-nvlink: Nvlink Core is being initialized, major device number 245
août 25 19:38:04 fujitsu kernel: 
août 25 19:38:04 fujitsu kernel: nvidia 0000:01:00.0: vgaarb: changed VGA decodes: olddecodes=io+mem,decodes=none:owns=io+mem
août 25 19:38:04 fujitsu kernel: loop: module loaded
août 25 19:38:04 fujitsu kernel: loop0: detected capacity change from 0 to 113792
août 25 19:38:04 fujitsu kernel: loop1: detected capacity change from 0 to 169968
août 25 19:38:04 fujitsu kernel: squashfs: version 4.0 (2009/01/31) Phillip Lougher
août 25 19:38:04 fujitsu kernel: NVRM: loading NVIDIA UNIX x86_64 Kernel Module  510.73.08  Wed May 18 20:34:14 UTC 2022
août 25 19:38:04 fujitsu kernel: loop2: detected capacity change from 0 to 96176
août 25 19:38:04 fujitsu kernel: nvidia-modeset: Loading NVIDIA Kernel Mode Setting Driver for UNIX platforms  510.73.08  Wed May 18 20:27:26 UTC 2022
août 25 19:38:04 fujitsu kernel: [drm] [nvidia-drm] [GPU ID 0x00000100] Loading driver
août 25 19:38:04 fujitsu kernel: [drm] Initialized nvidia-drm 0.0.0 20160202 for 0000:01:00.0 on minor 0
août 25 19:38:04 fujitsu kernel: sd 0:0:0:0: Attached scsi generic sg0 type 0
août 25 19:38:04 fujitsu kernel: sr 1:0:0:0: Attached scsi generic sg1 type 5
août 25 19:38:03 fujitsu systemd[1]: Finished Create System Users.
août 25 19:38:03 fujitsu systemd[1]: Starting Create Static Device Nodes in /dev...
août 25 19:38:03 fujitsu systemd[1]: Finished Coldplug All udev Devices.
août 25 19:38:03 fujitsu systemd[1]: Starting Helper to synchronize boot up for ifupdown...
août 25 19:38:03 fujitsu systemd[1]: Finished Helper to synchronize boot up for ifupdown.
août 25 19:38:03 fujitsu systemd[1]: Finished Create Static Device Nodes in /dev.
août 25 19:38:03 fujitsu systemd[1]: Reached target Preparation for Local File Systems.
août 25 19:38:03 fujitsu systemd[1]: Mounting Mount unit for core18, revision 2538...
août 25 19:38:03 fujitsu systemd[1]: Mounting Mount unit for scrcpy, revision 386...
août 25 19:38:03 fujitsu systemd[1]: Mounting Mount unit for snapd, revision 16292...
août 25 19:38:03 fujitsu systemd[1]: Mounting /tmp...
août 25 19:38:03 fujitsu systemd[1]: Starting Rule-based Manager for Device Events and Files...
août 25 19:38:03 fujitsu systemd[1]: Mounted /tmp.
août 25 19:38:03 fujitsu systemd-udevd[479]: Using default interface naming scheme 'v251'.
août 25 19:38:03 fujitsu systemd[1]: Mounted Mount unit for core18, revision 2538.
août 25 19:38:03 fujitsu systemd-udevd[479]: /etc/udev/rules.d/70-persistent-net.rules:1 Invalid key/value pair, ignoring.
août 25 19:38:04 fujitsu kernel: parport_pc 00:06: reported by Plug and Play ACPI
août 25 19:38:04 fujitsu kernel: parport0: PC-style at 0x378, irq 5 [PCSPP,TRISTATE,EPP]
août 25 19:38:03 fujitsu systemd-udevd[479]: /etc/udev/rules.d/70-persistent-net.rules:2 Invalid key/value pair, ignoring.
août 25 19:38:03 fujitsu systemd[1]: Mounted Mount unit for scrcpy, revision 386.
août 25 19:38:04 fujitsu systemd[1]: Mounted Mount unit for snapd, revision 16292.
août 25 19:38:04 fujitsu systemd[1]: Started Rule-based Manager for Device Events and Files.
août 25 19:38:04 fujitsu systemd[1]: Starting Show Plymouth Boot Screen...
août 25 19:38:04 fujitsu systemd-modules-load[436]: Inserted module 'nvidia_drm'
août 25 19:38:04 fujitsu systemd[1]: Started Show Plymouth Boot Screen.
août 25 19:38:04 fujitsu systemd[1]: Dispatch Password Requests to Console Directory Watch was skipped because of a failed condition check (ConditionPathExists=!/run/plymouth/pid).
août 25 19:38:04 fujitsu systemd[1]: Started Forward Password Requests to Plymouth Directory Watch.
août 25 19:38:04 fujitsu systemd[1]: Reached target Local Encrypted Volumes.
août 25 19:38:04 fujitsu systemd[1]: Reached target Path Units.
août 25 19:38:04 fujitsu systemd-modules-load[436]: Inserted module 'vmwgfx'
août 25 19:38:04 fujitsu systemd[1]: Finished Load Kernel Modules.
août 25 19:38:04 fujitsu systemd[1]: Starting Apply Kernel Variables...
août 25 19:38:04 fujitsu systemd[1]: Finished Apply Kernel Variables.
août 25 19:38:04 fujitsu systemd[1]: Finished Flush Journal to Persistent Storage.
août 25 19:38:04 fujitsu kernel: fujitsu_laptop: ACPI: Fujitsu FUJ02E3 [FEXT]
août 25 19:38:04 fujitsu kernel: ACPI: \_SB_.PCI0.LPCB.FEXT: BTNI: [0x0]
août 25 19:38:04 fujitsu kernel: input: Fujitsu FUJ02E3 as /devices/LNXSYSTM:00/LNXSYBUS:00/PNP0A08:00/device:00/FUJ02E3:00/input/input15
août 25 19:38:04 fujitsu kernel: fujitsu_laptop: driver 0.6.0 successfully loaded
août 25 19:38:04 fujitsu systemd[1]: Found device SAMSUNG_MZ7LN512HCHP-00000 3.
août 25 19:38:04 fujitsu systemd[1]: Found device SAMSUNG_MZ7LN512HCHP-00000 5.
août 25 19:38:04 fujitsu systemd[1]: Starting File System Check on /dev/disk/by-uuid/1fb5792b-645d-4ac8-adfe-a53fbfe58977...
août 25 19:38:04 fujitsu systemd[1]: Starting File System Check on /dev/disk/by-uuid/9852-D54A...
août 25 19:38:04 fujitsu mtp-probe[593]: checking bus 2, device 4: "/sys/devices/pci0000:00/0000:00:14.0/usb2/2-7"
août 25 19:38:04 fujitsu mtp-probe[597]: checking bus 2, device 3: "/sys/devices/pci0000:00/0000:00:14.0/usb2/2-6"
août 25 19:38:04 fujitsu mtp-probe[592]: checking bus 2, device 6: "/sys/devices/pci0000:00/0000:00:14.0/usb2/2-10"
août 25 19:38:04 fujitsu mtp-probe[597]: bus: 2, device: 3 was not an MTP device
août 25 19:38:04 fujitsu mtp-probe[592]: bus: 2, device: 6 was not an MTP device
août 25 19:38:04 fujitsu mtp-probe[593]: bus: 2, device: 4 was not an MTP device
août 25 19:38:04 fujitsu mtp-probe[595]: checking bus 2, device 5: "/sys/devices/pci0000:00/0000:00:14.0/usb2/2-8"
août 25 19:38:04 fujitsu mtp-probe[595]: bus: 2, device: 5 was not an MTP device
août 25 19:38:04 fujitsu mtp-probe[594]: checking bus 2, device 2: "/sys/devices/pci0000:00/0000:00:14.0/usb2/2-2"
août 25 19:38:04 fujitsu kernel: at24 0-0050: supply vcc not found, using dummy regulator
août 25 19:38:04 fujitsu kernel: at24 0-0050: 256 byte spd EEPROM, read-only
août 25 19:38:04 fujitsu kernel: at24 0-0051: supply vcc not found, using dummy regulator
août 25 19:38:04 fujitsu kernel: iTCO_vendor_support: vendor-support=0
août 25 19:38:04 fujitsu kernel: intel_pch_thermal 0000:00:1f.6: enabling device (0000 -> 0002)
août 25 19:38:04 fujitsu kernel: at24 0-0051: 256 byte spd EEPROM, read-only
août 25 19:38:04 fujitsu kernel: input: PC Speaker as /devices/platform/pcspkr/input/input16
août 25 19:38:04 fujitsu kernel: at24 0-0052: supply vcc not found, using dummy regulator
août 25 19:38:04 fujitsu kernel: EDAC MC0: Giving out device to module ie31200_edac controller IE31200: DEV 0000:00:00.0 (POLLED)
août 25 19:38:04 fujitsu kernel: at24 0-0052: 256 byte spd EEPROM, read-only
août 25 19:38:04 fujitsu kernel: at24 0-0053: supply vcc not found, using dummy regulator
août 25 19:38:04 fujitsu kernel: at24 0-0053: 256 byte spd EEPROM, read-only
août 25 19:38:04 fujitsu kernel: pstore: Using crash dump compression: deflate
août 25 19:38:04 fujitsu kernel: pstore: Registered efi as persistent store backend
août 25 19:38:04 fujitsu kernel: iTCO_wdt iTCO_wdt.1.auto: Found a Lynx Point TCO device (Version=2, TCOBASE=0x1860)
août 25 19:38:04 fujitsu kernel: iTCO_wdt iTCO_wdt.1.auto: initialized. heartbeat=30 sec (nowayout=0)
août 25 19:38:04 fujitsu systemd[1]: Finished Uncomplicated firewall.
août 25 19:38:04 fujitsu mtp-probe[594]: bus: 2, device: 2 was not an MTP device
août 25 19:38:04 fujitsu systemd[1]: Started File System Check Daemon to report status.
août 25 19:38:04 fujitsu systemd[1]: Finished File System Check on /dev/disk/by-uuid/1fb5792b-645d-4ac8-adfe-a53fbfe58977.
août 25 19:38:04 fujitsu systemd-fsck[613]: fsck.fat 4.2 (2021-01-31)
août 25 19:38:04 fujitsu systemd-fsck[613]: /dev/sda3: 186 files, 26092/98304 clusters
août 25 19:38:04 fujitsu systemd[1]: Finished File System Check on /dev/disk/by-uuid/9852-D54A.
août 25 19:38:04 fujitsu kernel: mc: Linux media interface: v0.10
août 25 19:38:04 fujitsu kernel: cfg80211: Loading compiled-in X.509 certificates for regulatory database
août 25 19:38:04 fujitsu kernel: cfg80211: Loaded X.509 cert 'benh@debian.org: 577e021cb980e0e820821ba7b54b4961b8b4fadf'
août 25 19:38:04 fujitsu kernel: cfg80211: Loaded X.509 cert 'romain.perier@gmail.com: 3abbc6ec146e09d1b6016ab9d6cf71dd233f0328'
août 25 19:38:04 fujitsu kernel: cfg80211: Loaded X.509 cert 'sforshee: 00b28ddf47aef9cea7'
août 25 19:38:04 fujitsu kernel: platform regulatory.0: firmware: direct-loading firmware regulatory.db
août 25 19:38:04 fujitsu kernel: platform regulatory.0: firmware: direct-loading firmware regulatory.db.p7s
août 25 19:38:04 fujitsu kernel: snd_hda_intel 0000:01:00.1: Disabling MSI
août 25 19:38:04 fujitsu kernel: snd_hda_intel 0000:01:00.1: Handle vga_switcheroo audio client
août 25 19:38:04 fujitsu kernel: RAPL PMU: API unit is 2^-32 Joules, 3 fixed counters, 655360 ms ovfl timer
août 25 19:38:04 fujitsu kernel: RAPL PMU: hw unit of domain pp0-core 2^-14 Joules
août 25 19:38:04 fujitsu kernel: RAPL PMU: hw unit of domain package 2^-14 Joules
août 25 19:38:04 fujitsu kernel: RAPL PMU: hw unit of domain dram 2^-14 Joules
août 25 19:38:04 fujitsu kernel: usbcore: registered new interface driver snd-usb-audio
août 25 19:38:04 fujitsu systemd[1]: Listening on Load/Save RF Kill Switch Status /dev/rfkill Watch.
août 25 19:38:04 fujitsu kernel: ppdev: user-space parallel port driver
août 25 19:38:04 fujitsu kernel: sch5636: Found theseus chip at 0x640, revision: 1.36
août 25 19:38:04 fujitsu kernel: sch5636 sch5636: hwmon_device_register() is deprecated. Please convert the driver to use hwmon_device_register_with_info().
août 25 19:38:04 fujitsu kernel: input: HDA NVidia HDMI/DP,pcm=3 as /devices/pci0000:00/0000:00:01.0/0000:01:00.1/sound/card2/input17
août 25 19:38:04 fujitsu kernel: input: HDA NVidia HDMI/DP,pcm=7 as /devices/pci0000:00/0000:00:01.0/0000:01:00.1/sound/card2/input18
août 25 19:38:04 fujitsu kernel: input: HDA NVidia HDMI/DP,pcm=8 as /devices/pci0000:00/0000:00:01.0/0000:01:00.1/sound/card2/input19
août 25 19:38:04 fujitsu kernel: input: HDA NVidia HDMI/DP,pcm=9 as /devices/pci0000:00/0000:00:01.0/0000:01:00.1/sound/card2/input20
août 25 19:38:04 fujitsu kernel: input: HDA NVidia HDMI/DP,pcm=10 as /devices/pci0000:00/0000:00:01.0/0000:01:00.1/sound/card2/input21
août 25 19:38:04 fujitsu kernel: input: HDA NVidia HDMI/DP,pcm=11 as /devices/pci0000:00/0000:00:01.0/0000:01:00.1/sound/card2/input22
août 25 19:38:04 fujitsu kernel: snd_hda_codec_realtek hdaudioC0D2: autoconfig for ALC671: line_outs=1 (0x21/0x0/0x0/0x0/0x0) type:line
août 25 19:38:04 fujitsu kernel: snd_hda_codec_realtek hdaudioC0D2:    speaker_outs=1 (0x17/0x0/0x0/0x0/0x0)
août 25 19:38:04 fujitsu kernel: snd_hda_codec_realtek hdaudioC0D2:    hp_outs=1 (0x14/0x0/0x0/0x0/0x0)
août 25 19:38:04 fujitsu kernel: snd_hda_codec_realtek hdaudioC0D2:    mono: mono_out=0x0
août 25 19:38:04 fujitsu kernel: snd_hda_codec_realtek hdaudioC0D2:    inputs:
août 25 19:38:04 fujitsu kernel: snd_hda_codec_realtek hdaudioC0D2:      Front Mic=0x19
août 25 19:38:04 fujitsu kernel: snd_hda_codec_realtek hdaudioC0D2:      Rear Mic=0x18
août 25 19:38:04 fujitsu kernel: snd_hda_codec_realtek hdaudioC0D2:      Line=0x1a
août 25 19:38:04 fujitsu kernel: input: HDA Digital PCBeep as /devices/pci0000:00/0000:00:1b.0/sound/card0/input23
août 25 19:38:04 fujitsu kernel: input: HDA Intel PCH Front Mic as /devices/pci0000:00/0000:00:1b.0/sound/card0/input24
août 25 19:38:04 fujitsu kernel: input: HDA Intel PCH Rear Mic as /devices/pci0000:00/0000:00:1b.0/sound/card0/input25
août 25 19:38:04 fujitsu kernel: input: HDA Intel PCH Line as /devices/pci0000:00/0000:00:1b.0/sound/card0/input26
août 25 19:38:04 fujitsu kernel: input: HDA Intel PCH Line Out as /devices/pci0000:00/0000:00:1b.0/sound/card0/input27
août 25 19:38:04 fujitsu kernel: input: HDA Intel PCH Front Headphone as /devices/pci0000:00/0000:00:1b.0/sound/card0/input28
août 25 19:38:04 fujitsu systemd[1]: Dispatch Password Requests to Console Directory Watch was skipped because of a failed condition check (ConditionPathExists=!/run/plymouth/pid).
août 25 19:38:04 fujitsu systemd[1]: File System Check on Root Device was skipped because of a failed condition check (ConditionPathExists=!/run/initramfs/fsck-root).
août 25 19:38:04 fujitsu systemd[1]: Platform Persistent Storage Archival was skipped because of a failed condition check (ConditionDirectoryNotEmpty=/sys/fs/pstore).
août 25 19:38:04 fujitsu systemd[1]: Repartition Root Disk was skipped because all trigger condition checks failed.
août 25 19:38:04 fujitsu systemd[1]: Dispatch Password Requests to Console Directory Watch was skipped because of a failed condition check (ConditionPathExists=!/run/plymouth/pid).
août 25 19:38:04 fujitsu systemd[1]: File System Check on Root Device was skipped because of a failed condition check (ConditionPathExists=!/run/initramfs/fsck-root).
août 25 19:38:04 fujitsu systemd[1]: Platform Persistent Storage Archival was skipped because of a failed condition check (ConditionDirectoryNotEmpty=/sys/fs/pstore).
août 25 19:38:04 fujitsu systemd[1]: Repartition Root Disk was skipped because all trigger condition checks failed.
août 25 19:38:04 fujitsu systemd[1]: Starting Load/Save RF Kill Switch Status...
août 25 19:38:04 fujitsu kernel: usbcore: registered new interface driver rtl88x2bu
août 25 19:38:04 fujitsu systemd[1]: Started Load/Save RF Kill Switch Status.
août 25 19:38:04 fujitsu kernel: intel_rapl_common: Found RAPL domain package
août 25 19:38:04 fujitsu kernel: intel_rapl_common: Found RAPL domain core
août 25 19:38:04 fujitsu kernel: intel_rapl_common: Found RAPL domain dram
août 25 19:38:04 fujitsu kernel: intel_rapl_common: RAPL package-0 domain package locked by BIOS
août 25 19:38:04 fujitsu kernel: intel_rapl_common: RAPL package-0 domain dram locked by BIOS
août 25 19:38:04 fujitsu systemd[1]: Mounting /boot/efi...
août 25 19:38:04 fujitsu systemd[1]: Mounting /home...
août 25 19:38:04 fujitsu systemd[1]: Mounted /home.
août 25 19:38:04 fujitsu systemd[1]: Mounted /boot/efi.
août 25 19:38:04 fujitsu systemd[1]: Reached target Local File Systems.
août 25 19:38:04 fujitsu systemd[1]: Starting Load AppArmor profiles...
août 25 19:38:04 fujitsu systemd[1]: Starting Enable support for additional executable binary formats...
août 25 19:38:04 fujitsu systemd[1]: Starting Set console font and keymap...
août 25 19:38:04 fujitsu systemd[1]: Prepare mdadm shutdown initramfs was skipped because of a failed condition check (ConditionFileIsExecutable=/usr/bin/dracut).
août 25 19:38:04 fujitsu systemd[1]: Starting Tell Plymouth To Write Out Runtime Data...
août 25 19:38:04 fujitsu systemd[1]: Mark the need to relabel after reboot was skipped because of a failed condition check (ConditionPathExists=!/.autorelabel).
août 25 19:38:04 fujitsu systemd[1]: Set Up Additional Binary Formats was skipped because all trigger condition checks failed.
août 25 19:38:04 fujitsu systemd[1]: Commit a transient machine-id on disk was skipped because of a failed condition check (ConditionPathIsMountPoint=/etc/machine-id).
août 25 19:38:04 fujitsu systemd[1]: Starting Create Volatile Files and Directories...
août 25 19:38:04 fujitsu systemd[1]: proc-sys-fs-binfmt_misc.automount: Got automount request for /proc/sys/fs/binfmt_misc, triggered by 688 (update-binfmts)
août 25 19:38:04 fujitsu systemd[1]: Mounting Arbitrary Executable File Formats File System...
août 25 19:38:04 fujitsu systemd[1]: Finished Set console font and keymap.
août 25 19:38:04 fujitsu apparmor.systemd[687]: Restarting AppArmor
août 25 19:38:04 fujitsu apparmor.systemd[687]: Reloading AppArmor profiles
août 25 19:38:04 fujitsu systemd[1]: Received SIGRTMIN+20 from PID 328 (plymouthd).
août 25 19:38:04 fujitsu systemd[1]: Finished Tell Plymouth To Write Out Runtime Data.
août 25 19:38:04 fujitsu audit[705]: AVC apparmor="STATUS" operation="profile_load" profile="unconfined" name="klogd" pid=705 comm="apparmor_parser"
août 25 19:38:04 fujitsu audit[703]: AVC apparmor="STATUS" operation="profile_load" profile="unconfined" name="lsb_release" pid=703 comm="apparmor_parser"
août 25 19:38:04 fujitsu audit[704]: AVC apparmor="STATUS" operation="profile_load" profile="unconfined" name="nvidia_modprobe" pid=704 comm="apparmor_parser"
août 25 19:38:04 fujitsu audit[704]: AVC apparmor="STATUS" operation="profile_load" profile="unconfined" name="nvidia_modprobe//kmod" pid=704 comm="apparmor_parser"
août 25 19:38:04 fujitsu audit[701]: AVC apparmor="STATUS" operation="profile_load" profile="unconfined" name="ping" pid=701 comm="apparmor_parser"
août 25 19:38:04 fujitsu systemd[1]: Finished Create Volatile Files and Directories.
août 25 19:38:04 fujitsu audit[707]: AVC apparmor="STATUS" operation="profile_load" profile="unconfined" name="syslogd" pid=707 comm="apparmor_parser"
août 25 19:38:04 fujitsu audit[708]: AVC apparmor="STATUS" operation="profile_load" profile="unconfined" name="system_tor" pid=708 comm="apparmor_parser"
août 25 19:38:04 fujitsu audit[706]: AVC apparmor="STATUS" operation="profile_load" profile="unconfined" name="syslog-ng" pid=706 comm="apparmor_parser"
août 25 19:38:04 fujitsu systemd[1]: Starting Record System Boot/Shutdown in UTMP...
août 25 19:38:04 fujitsu kernel: audit: type=1400 audit(1661449084.737:2): apparmor="STATUS" operation="profile_load" profile="unconfined" name="klogd" pid=705 comm="apparmor_parser"
août 25 19:38:04 fujitsu kernel: audit: type=1400 audit(1661449084.740:3): apparmor="STATUS" operation="profile_load" profile="unconfined" name="lsb_release" pid=703 comm="apparmor_parser"
août 25 19:38:04 fujitsu kernel: audit: type=1400 audit(1661449084.740:4): apparmor="STATUS" operation="profile_load" profile="unconfined" name="nvidia_modprobe" pid=704 comm="apparmor_parser"
août 25 19:38:04 fujitsu kernel: audit: type=1400 audit(1661449084.740:5): apparmor="STATUS" operation="profile_load" profile="unconfined" name="nvidia_modprobe//kmod" pid=704 comm="apparmor_parser"
août 25 19:38:04 fujitsu kernel: audit: type=1400 audit(1661449084.740:6): apparmor="STATUS" operation="profile_load" profile="unconfined" name="ping" pid=701 comm="apparmor_parser"
août 25 19:38:04 fujitsu kernel: audit: type=1400 audit(1661449084.740:7): apparmor="STATUS" operation="profile_load" profile="unconfined" name="syslogd" pid=707 comm="apparmor_parser"
août 25 19:38:04 fujitsu kernel: audit: type=1400 audit(1661449084.740:8): apparmor="STATUS" operation="profile_load" profile="unconfined" name="system_tor" pid=708 comm="apparmor_parser"
août 25 19:38:04 fujitsu kernel: audit: type=1400 audit(1661449084.740:9): apparmor="STATUS" operation="profile_load" profile="unconfined" name="syslog-ng" pid=706 comm="apparmor_parser"
août 25 19:38:04 fujitsu audit[702]: AVC apparmor="STATUS" operation="profile_load" profile="unconfined" name="/usr/lib/x86_64-linux-gnu/lightdm/lightdm-guest-session" pid=702 comm="apparmor_parser"
août 25 19:38:04 fujitsu audit[702]: AVC apparmor="STATUS" operation="profile_load" profile="unconfined" name="/usr/lib/x86_64-linux-gnu/lightdm/lightdm-guest-session//chromium" pid=702 comm="apparmor_parser"
août 25 19:38:04 fujitsu audit[710]: AVC apparmor="STATUS" operation="profile_load" profile="unconfined" name="torbrowser_tor" pid=710 comm="apparmor_parser"
août 25 19:38:04 fujitsu audit[711]: AVC apparmor="STATUS" operation="profile_load" profile="unconfined" name="/usr/bin/irssi" pid=711 comm="apparmor_parser"
août 25 19:38:04 fujitsu audit[712]: AVC apparmor="STATUS" operation="profile_load" profile="unconfined" name="/usr/bin/man" pid=712 comm="apparmor_parser"
août 25 19:38:04 fujitsu audit[712]: AVC apparmor="STATUS" operation="profile_load" profile="unconfined" name="man_filter" pid=712 comm="apparmor_parser"
août 25 19:38:04 fujitsu audit[712]: AVC apparmor="STATUS" operation="profile_load" profile="unconfined" name="man_groff" pid=712 comm="apparmor_parser"
août 25 19:38:04 fujitsu kernel: audit: type=1400 audit(1661449084.744:10): apparmor="STATUS" operation="profile_load" profile="unconfined" name="/usr/lib/x86_64-linux-gnu/lightdm/lightdm-guest-session" pid=702 comm="apparmor_parser"
août 25 19:38:04 fujitsu kernel: audit: type=1400 audit(1661449084.744:11): apparmor="STATUS" operation="profile_load" profile="unconfined" name="/usr/lib/x86_64-linux-gnu/lightdm/lightdm-guest-session//chromium" pid=702 comm="apparmor_parser"
août 25 19:38:04 fujitsu audit[718]: AVC apparmor="STATUS" operation="profile_load" profile="unconfined" name="/usr/lib/ipsec/stroke" pid=718 comm="apparmor_parser"
août 25 19:38:04 fujitsu audit[720]: AVC apparmor="STATUS" operation="profile_load" profile="unconfined" name="libreoffice-senddoc" pid=720 comm="apparmor_parser"
août 25 19:38:04 fujitsu audit[719]: AVC apparmor="STATUS" operation="profile_load" profile="unconfined" name="libreoffice-oosplash" pid=719 comm="apparmor_parser"
août 25 19:38:04 fujitsu audit[717]: AVC apparmor="STATUS" operation="profile_load" profile="unconfined" name="/usr/lib/ipsec/charon" pid=717 comm="apparmor_parser"
août 25 19:38:04 fujitsu audit[709]: AVC apparmor="STATUS" operation="profile_load" profile="unconfined" name="torbrowser_firefox" pid=709 comm="apparmor_parser"
août 25 19:38:04 fujitsu audit[722]: AVC apparmor="STATUS" operation="profile_load" profile="unconfined" name="libreoffice-xpdfimport" pid=722 comm="apparmor_parser"
août 25 19:38:04 fujitsu audit[723]: AVC apparmor="STATUS" operation="profile_load" profile="unconfined" name="apt-cacher-ng" pid=723 comm="apparmor_parser"
août 25 19:38:04 fujitsu audit[726]: AVC apparmor="STATUS" operation="profile_load" profile="unconfined" name="/usr/sbin/haveged" pid=726 comm="apparmor_parser"
août 25 19:38:04 fujitsu systemd[1]: Finished Record System Boot/Shutdown in UTMP.
août 25 19:38:04 fujitsu audit[724]: AVC apparmor="STATUS" operation="profile_load" profile="unconfined" name="avahi-daemon" pid=724 comm="apparmor_parser"
août 25 19:38:04 fujitsu audit[725]: AVC apparmor="STATUS" operation="profile_load" profile="unconfined" name="/usr/sbin/dnsmasq" pid=725 comm="apparmor_parser"
août 25 19:38:04 fujitsu audit[725]: AVC apparmor="STATUS" operation="profile_load" profile="unconfined" name="/usr/sbin/dnsmasq//libvirt_leaseshelper" pid=725 comm="apparmor_parser"
août 25 19:38:04 fujitsu audit[728]: AVC apparmor="STATUS" operation="profile_load" profile="unconfined" name="mdnsd" pid=728 comm="apparmor_parser"
août 25 19:38:04 fujitsu audit[727]: AVC apparmor="STATUS" operation="profile_load" profile="unconfined" name="identd" pid=727 comm="apparmor_parser"
août 25 19:38:04 fujitsu audit[713]: AVC apparmor="STATUS" operation="profile_load" profile="unconfined" name="/usr/bin/pidgin" pid=713 comm="apparmor_parser"
août 25 19:38:04 fujitsu audit[713]: AVC apparmor="STATUS" operation="profile_load" profile="unconfined" name="/usr/bin/pidgin//sanitized_helper" pid=713 comm="apparmor_parser"
août 25 19:38:04 fujitsu audit[714]: AVC apparmor="STATUS" operation="profile_load" profile="unconfined" name="/usr/bin/totem" pid=714 comm="apparmor_parser"
août 25 19:38:04 fujitsu audit[714]: AVC apparmor="STATUS" operation="profile_load" profile="unconfined" name="/usr/bin/totem//sanitized_helper" pid=714 comm="apparmor_parser"
août 25 19:38:04 fujitsu audit[729]: AVC apparmor="STATUS" operation="profile_load" profile="unconfined" name="nmbd" pid=729 comm="apparmor_parser"
août 25 19:38:04 fujitsu audit[730]: AVC apparmor="STATUS" operation="profile_load" profile="unconfined" name="nscd" pid=730 comm="apparmor_parser"
août 25 19:38:04 fujitsu audit[733]: AVC apparmor="STATUS" operation="profile_load" profile="unconfined" name="traceroute" pid=733 comm="apparmor_parser"
août 25 19:38:04 fujitsu audit[731]: AVC apparmor="STATUS" operation="profile_load" profile="unconfined" name="smbd" pid=731 comm="apparmor_parser"
